#
# There is insufficient memory for the Java Runtime Environment to continue.
# Native memory allocation (malloc) failed to allocate 6824920 bytes. Error detail: Chunk::new
# Possible reasons:
#   The system is out of physical RAM or swap space
#   This process is running with CompressedOops enabled, and the Java Heap may be blocking the growth of the native heap
# Possible solutions:
#   Reduce memory load on the system
#   Increase physical memory or swap space
#   Check if swap backing store is full
#   Decrease Java heap size (-Xmx/-Xms)
#   Decrease number of Java threads
#   Decrease Java thread stack sizes (-Xss)
#   Set larger code cache with -XX:ReservedCodeCacheSize=
#   JVM is running with Unscaled Compressed Oops mode in which the Java heap is
#     placed in the first 4GB address space. The Java Heap base address is the
#     maximum limit for the native heap growth. Please use -XX:HeapBaseMinAddress
#     to set the Java Heap base and to place the Java Heap above 4GB virtual address.
# This output file may be truncated or incomplete.
#
#  Out of Memory Error (arena.cpp:186), pid=15976, tid=13848
#
# JRE version: OpenJDK Runtime Environment Temurin-25.0.2+10 (25.0.2+10) (build 25.0.2+10-LTS)
# Java VM: OpenJDK 64-Bit Server VM Temurin-25.0.2+10 (25.0.2+10-LTS, mixed mode, sharing, tiered, compressed oops, compressed class ptrs, g1 gc, windows-amd64)
# No core dump will be written. Minidumps are not enabled by default on client versions of Windows
#

---------------  S U M M A R Y ------------

Command Line: app.App

Host: AMD Ryzen 3 7320U with Radeon Graphics         , 8 cores, 5G,  Windows 11 , 64 bit Build 26100 (10.0.26100.8328)
Time: Sat May 16 15:18:21 2026 Hora est. Pacífico, Sudamérica elapsed time: 2835.509158 seconds (0d 0h 47m 15s)

---------------  T H R E A D  ---------------

Current thread (0x0000020d4df54000):  JavaThread "C2 CompilerThread0" daemon [_thread_in_native, id=13848, stack(0x0000007d7d000000,0x0000007d7d100000) (1024K)]


Current CompileTask:
C2:2835509 5289   !   4       java.awt.DefaultKeyboardFocusManager::dispatchEvent (1625 bytes)

Stack: [0x0000007d7d000000,0x0000007d7d100000]
Native frames: (J=compiled Java code, j=interpreted, Vv=VM code, C=native code)
V  [jvm.dll+0x7a8bc9]  (no source info available)
V  [jvm.dll+0x77310d]  (no source info available)
V  [jvm.dll+0x9f55f3]  (no source info available)
V  [jvm.dll+0x9f7be1]  (no source info available)
V  [jvm.dll+0x9f82f3]  (no source info available)
V  [jvm.dll+0x2fce26]  (no source info available)
V  [jvm.dll+0x111076]  (no source info available)
V  [jvm.dll+0x11139e]  (no source info available)
V  [jvm.dll+0x19fff2]  (no source info available)
V  [jvm.dll+0x3b5f62]  (no source info available)
V  [jvm.dll+0x7ae53c]  (no source info available)
V  [jvm.dll+0x2c0407]  (no source info available)
V  [jvm.dll+0x2bf3cf]  (no source info available)
V  [jvm.dll+0x237140]  (no source info available)
V  [jvm.dll+0x2cf4c6]  (no source info available)
V  [jvm.dll+0x2cd74a]  (no source info available)
V  [jvm.dll+0x48fbee]  (no source info available)
V  [jvm.dll+0x996b0d]  (no source info available)
V  [jvm.dll+0x7a71a5]  (no source info available)
C  [ucrtbase.dll+0x37b0]  (no source info available)
C  [KERNEL32.DLL+0x2e957]  (no source info available)
C  [ntdll.dll+0x427c]  (no source info available)

Lock stack of current Java thread (top to bottom):


---------------  P R O C E S S  ---------------

Threads class SMR info:
_java_thread_list=0x0000020d527cbb70, length=17, elements={
0x0000020d4df37a60, 0x0000020d4df384c0, 0x0000020d4df3c2d0, 0x0000020d4df42330,
0x0000020d4df43050, 0x0000020d4df45c30, 0x0000020d4df54000, 0x0000020d4df75c30,
0x0000020d4dfee3b0, 0x0000020d5203e460, 0x0000020d523e7f90, 0x0000020d523e97b0,
0x0000020d523e9f70, 0x0000020d5281be30, 0x0000020d2f632d80, 0x0000020d580d93d0,
0x0000020d58208360
}

Java Threads: ( => current thread )
  0x0000020d4df37a60 JavaThread "Reference Handler"          daemon [_thread_blocked, id=22672, stack(0x0000007d7ca00000,0x0000007d7cb00000) (1024K)]
  0x0000020d4df384c0 JavaThread "Finalizer"                  daemon [_thread_blocked, id=19248, stack(0x0000007d7cb00000,0x0000007d7cc00000) (1024K)]
  0x0000020d4df3c2d0 JavaThread "Signal Dispatcher"          daemon [_thread_blocked, id=18040, stack(0x0000007d7cc00000,0x0000007d7cd00000) (1024K)]
  0x0000020d4df42330 JavaThread "Attach Listener"            daemon [_thread_blocked, id=9472, stack(0x0000007d7cd00000,0x0000007d7ce00000) (1024K)]
  0x0000020d4df43050 JavaThread "Service Thread"             daemon [_thread_blocked, id=12896, stack(0x0000007d7ce00000,0x0000007d7cf00000) (1024K)]
  0x0000020d4df45c30 JavaThread "Monitor Deflation Thread"   daemon [_thread_blocked, id=3900, stack(0x0000007d7cf00000,0x0000007d7d000000) (1024K)]
=>0x0000020d4df54000 JavaThread "C2 CompilerThread0"         daemon [_thread_in_native, id=13848, stack(0x0000007d7d000000,0x0000007d7d100000) (1024K)]
  0x0000020d4df75c30 JavaThread "C1 CompilerThread0"         daemon [_thread_blocked, id=15144, stack(0x0000007d7d100000,0x0000007d7d200000) (1024K)]
  0x0000020d4dfee3b0 JavaThread "Notification Thread"        daemon [_thread_blocked, id=20488, stack(0x0000007d7d200000,0x0000007d7d300000) (1024K)]
  0x0000020d5203e460 JavaThread "Common-Cleaner"             daemon [_thread_blocked, id=4796, stack(0x0000007d7d300000,0x0000007d7d400000) (1024K)]
  0x0000020d523e7f90 JavaThread "Java2D Disposer"            daemon [_thread_blocked, id=23276, stack(0x0000007d7d400000,0x0000007d7d500000) (1024K)]
  0x0000020d523e97b0 JavaThread "AWT-Shutdown"                      [_thread_blocked, id=5304, stack(0x0000007d7d500000,0x0000007d7d600000) (1024K)]
  0x0000020d523e9f70 JavaThread "AWT-Windows"                daemon [_thread_in_native, id=10412, stack(0x0000007d7d600000,0x0000007d7d700000) (1024K)]
  0x0000020d5281be30 JavaThread "AWT-EventQueue-0"                  [_thread_blocked, id=22612, stack(0x0000007d7d700000,0x0000007d7d800000) (1024K)]
  0x0000020d2f632d80 JavaThread "DestroyJavaVM"                     [_thread_blocked, id=23908, stack(0x0000007d7c200000,0x0000007d7c300000) (1024K)]
  0x0000020d580d93d0 JavaThread "mysql-cj-abandoned-connection-cleanup" daemon [_thread_blocked, id=16336, stack(0x0000007d7e000000,0x0000007d7e100000) (1024K)]
  0x0000020d58208360 JavaThread "TimerQueue"                 daemon [_thread_blocked, id=4456, stack(0x0000007d7e300000,0x0000007d7e400000) (1024K)]
Total: 17

Other Threads:
  0x0000020d4df296f0 VMThread "VM Thread"                           [id=19676, stack(0x0000007d7c900000,0x0000007d7ca00000) (1024K)]
  0x0000020d4df17f20 WatcherThread "VM Periodic Task Thread"        [id=4436, stack(0x0000007d7c800000,0x0000007d7c900000) (1024K)]
  0x0000020d31acb510 WorkerThread "GC Thread#0"                     [id=6560, stack(0x0000007d7c300000,0x0000007d7c400000) (1024K)]
  0x0000020d583d7aa0 WorkerThread "GC Thread#1"                     [id=2572, stack(0x0000007d7df00000,0x0000007d7e000000) (1024K)]
  0x0000020d583d8340 WorkerThread "GC Thread#2"                     [id=24324, stack(0x0000007d7e200000,0x0000007d7e300000) (1024K)]
  0x0000020d583d7ef0 WorkerThread "GC Thread#3"                     [id=11280, stack(0x0000007d7e600000,0x0000007d7e700000) (1024K)]
  0x0000020d583d8790 WorkerThread "GC Thread#4"                     [id=4644, stack(0x0000007d7e700000,0x0000007d7e800000) (1024K)]
  0x0000020d583d7650 WorkerThread "GC Thread#5"                     [id=16892, stack(0x0000007d7e800000,0x0000007d7e900000) (1024K)]
  0x0000020d583d98d0 WorkerThread "GC Thread#6"                     [id=22068, stack(0x0000007d7e900000,0x0000007d7ea00000) (1024K)]
  0x0000020d583d8be0 WorkerThread "GC Thread#7"                     [id=5980, stack(0x0000007d7ea00000,0x0000007d7eb00000) (1024K)]
  0x0000020d31ade830 ConcurrentGCThread "G1 Main Marker"            [id=24688, stack(0x0000007d7c400000,0x0000007d7c500000) (1024K)]
  0x0000020d31ae0020 WorkerThread "G1 Conc#0"                       [id=5680, stack(0x0000007d7c500000,0x0000007d7c600000) (1024K)]
  0x0000020d583d9030 WorkerThread "G1 Conc#1"                       [id=14588, stack(0x0000007d7eb00000,0x0000007d7ec00000) (1024K)]
  0x0000020d31b29e10 ConcurrentGCThread "G1 Refine#0"               [id=14360, stack(0x0000007d7c600000,0x0000007d7c700000) (1024K)]
  0x0000020d31b2a820 ConcurrentGCThread "G1 Service"                [id=12544, stack(0x0000007d7c700000,0x0000007d7c800000) (1024K)]
Total: 15

Threads with active compile tasks:
C2 CompilerThread0  2835648 5289   !   4       java.awt.DefaultKeyboardFocusManager::dispatchEvent (1625 bytes)
Total: 1

VM state: not at safepoint (normal execution)

VM Mutex/Monitor currently owned by a thread: None

Heap address: 0x00000000a4200000, size: 1470 MB, Compressed Oops mode: 32-bit

CDS archive(s) mapped at: [0x000000002e000000-0x000000002edd0000-0x000000002edd0000), size 14483456, SharedBaseAddress: 0x000000002e000000, ArchiveRelocationMode: 1.
Compressed class space mapped at: 0x000000002f000000-0x000000006f000000, reserved size: 1073741824
UseCompressedClassPointers 1, UseCompactObjectHeaders 0
Narrow klass pointer bits 32, Max shift 3
Narrow klass base: 0x000000002e000000, Narrow klass shift: 0
Encoding Range: [0x000000002e000000 - 0x000000012e000000), (4294967296 bytes)
Klass Range:    [0x000000002e010000 - 0x000000006f000000), (1090453504 bytes)
Klass ID Range:  [65536 - 1090519033) (1090453497)
Protection zone: [0x000000002e000000 - 0x000000002e010000), (65536 bytes)

GC Precious Log:
 CardTable entry size: 512
 Card Set container configuration: InlinePtr #cards 5 size 8 Array Of Cards #cards 10 size 36 Howl #buckets 4 coarsen threshold 1843 Howl Bitmap #cards 512 size 80 coarsen threshold 460 Card regions per heap region 1 cards per card region 2048
 CPUs: 8 total, 8 available
 Memory: 5877M
 Large Page Support: Disabled
 NUMA Support: Disabled
 Compressed Oops: Enabled (32-bit)
 Heap Region Size: 1M
 Heap Min Capacity: 8M
 Heap Initial Capacity: 92M
 Heap Max Capacity: 1470M
 Pre-touch: Disabled
 Parallel Workers: 8
 Concurrent Workers: 2
 Concurrent Refinement Workers: 8
 Periodic GC: Disabled

Heap:
 garbage-first heap   total reserved 1505280K, committed 40960K, used 31015K [0x00000000a4200000, 0x0000000100000000)
  region size 1024K, 9 young (9216K), 1 survivors (1024K)

Heap Regions: E=young(eden), S=young(survivor), O=old, HS=humongous(starts), HC=humongous(continues), CS=collection set, F=free, TAMS=top-at-mark-start, PB=parsable bottom
|   0|0x00000000a4200000, 0x00000000a4300000, 0x00000000a4300000|100%|HS|  |TAMS 0x00000000a4200000| PB 0x00000000a4200000| Complete |  0
|   1|0x00000000a4300000, 0x00000000a4400000, 0x00000000a4400000|100%|HC|  |TAMS 0x00000000a4300000| PB 0x00000000a4300000| Complete |  0
|   2|0x00000000a4400000, 0x00000000a4500000, 0x00000000a4500000|100%|HC|  |TAMS 0x00000000a4400000| PB 0x00000000a4400000| Complete |  0
|   3|0x00000000a4500000, 0x00000000a4600000, 0x00000000a4600000|100%|HC|  |TAMS 0x00000000a4500000| PB 0x00000000a4500000| Complete |  0
|   4|0x00000000a4600000, 0x00000000a4700000, 0x00000000a4700000|100%|HC|  |TAMS 0x00000000a4600000| PB 0x00000000a4600000| Complete |  0
|   5|0x00000000a4700000, 0x00000000a4800000, 0x00000000a4800000|100%|HC|  |TAMS 0x00000000a4700000| PB 0x00000000a4700000| Complete |  0
|   6|0x00000000a4800000, 0x00000000a4900000, 0x00000000a4900000|100%|HC|  |TAMS 0x00000000a4800000| PB 0x00000000a4800000| Complete |  0
|   7|0x00000000a4900000, 0x00000000a4a00000, 0x00000000a4a00000|100%|HS|  |TAMS 0x00000000a4900000| PB 0x00000000a4900000| Complete |  0
|   8|0x00000000a4a00000, 0x00000000a4b00000, 0x00000000a4b00000|100%|HC|  |TAMS 0x00000000a4a00000| PB 0x00000000a4a00000| Complete |  0
|   9|0x00000000a4b00000, 0x00000000a4c00000, 0x00000000a4c00000|100%|HC|  |TAMS 0x00000000a4b00000| PB 0x00000000a4b00000| Complete |  0
|  10|0x00000000a4c00000, 0x00000000a4d00000, 0x00000000a4d00000|100%|HC|  |TAMS 0x00000000a4c00000| PB 0x00000000a4c00000| Complete |  0
|  11|0x00000000a4d00000, 0x00000000a4e00000, 0x00000000a4e00000|100%|HC|  |TAMS 0x00000000a4d00000| PB 0x00000000a4d00000| Complete |  0
|  12|0x00000000a4e00000, 0x00000000a4f00000, 0x00000000a4f00000|100%|HC|  |TAMS 0x00000000a4e00000| PB 0x00000000a4e00000| Complete |  0
|  13|0x00000000a4f00000, 0x00000000a5000000, 0x00000000a5000000|100%|HC|  |TAMS 0x00000000a4f00000| PB 0x00000000a4f00000| Complete |  0
|  14|0x00000000a5000000, 0x00000000a5100000, 0x00000000a5100000|100%|HC|  |TAMS 0x00000000a5000000| PB 0x00000000a5000000| Complete |  0
|  15|0x00000000a5100000, 0x00000000a516ccb0, 0x00000000a5200000| 42%| O|  |TAMS 0x00000000a5100000| PB 0x00000000a5100000| Untracked |  0
|  16|0x00000000a5200000, 0x00000000a5200000, 0x00000000a5300000|  0%| F|  |TAMS 0x00000000a5200000| PB 0x00000000a5200000| Untracked |  0
|  17|0x00000000a5300000, 0x00000000a5300000, 0x00000000a5400000|  0%| F|  |TAMS 0x00000000a5300000| PB 0x00000000a5300000| Untracked |  0
|  18|0x00000000a5400000, 0x00000000a5400000, 0x00000000a5500000|  0%| F|  |TAMS 0x00000000a5400000| PB 0x00000000a5400000| Untracked |  0
|  19|0x00000000a5500000, 0x00000000a5500000, 0x00000000a5600000|  0%| F|  |TAMS 0x00000000a5500000| PB 0x00000000a5500000| Untracked |  0
|  20|0x00000000a5600000, 0x00000000a5600000, 0x00000000a5700000|  0%| F|  |TAMS 0x00000000a5600000| PB 0x00000000a5600000| Untracked |  0
|  21|0x00000000a5700000, 0x00000000a5700000, 0x00000000a5800000|  0%| F|  |TAMS 0x00000000a5700000| PB 0x00000000a5700000| Untracked |  0
|  22|0x00000000a5800000, 0x00000000a5800000, 0x00000000a5900000|  0%| F|  |TAMS 0x00000000a5800000| PB 0x00000000a5800000| Untracked |  0
|  23|0x00000000a5900000, 0x00000000a5900000, 0x00000000a5a00000|  0%| F|  |TAMS 0x00000000a5900000| PB 0x00000000a5900000| Untracked |  0
|  24|0x00000000a5a00000, 0x00000000a5add200, 0x00000000a5b00000| 86%| S|CS|TAMS 0x00000000a5a00000| PB 0x00000000a5a00000| Complete |  0
|  48|0x00000000a7200000, 0x00000000a7266620, 0x00000000a7300000| 39%| E|  |TAMS 0x00000000a7200000| PB 0x00000000a7200000| Complete |  0
|  49|0x00000000a7300000, 0x00000000a7400000, 0x00000000a7400000|100%| E|CS|TAMS 0x00000000a7300000| PB 0x00000000a7300000| Complete |  0
|  50|0x00000000a7400000, 0x00000000a7500000, 0x00000000a7500000|100%| E|CS|TAMS 0x00000000a7400000| PB 0x00000000a7400000| Complete |  0
|  51|0x00000000a7500000, 0x00000000a7600000, 0x00000000a7600000|100%| E|CS|TAMS 0x00000000a7500000| PB 0x00000000a7500000| Complete |  0
|  52|0x00000000a7600000, 0x00000000a7700000, 0x00000000a7700000|100%| E|CS|TAMS 0x00000000a7600000| PB 0x00000000a7600000| Complete |  0
|  53|0x00000000a7700000, 0x00000000a7800000, 0x00000000a7800000|100%| E|CS|TAMS 0x00000000a7700000| PB 0x00000000a7700000| Complete |  0
|  91|0x00000000a9d00000, 0x00000000a9e00000, 0x00000000a9e00000|100%| E|CS|TAMS 0x00000000a9d00000| PB 0x00000000a9d00000| Complete |  0
|1462|0x00000000ff800000, 0x00000000ff900000, 0x00000000ff900000|100%| O|Cm|TAMS 0x00000000ff800000| PB 0x00000000ff800000| Complete |  0
|1463|0x00000000ff900000, 0x00000000ffa00000, 0x00000000ffa00000|100%| O|  |TAMS 0x00000000ff900000| PB 0x00000000ff900000| Untracked |  0
|1464|0x00000000ffa00000, 0x00000000ffb00000, 0x00000000ffb00000|100%| O|  |TAMS 0x00000000ffa00000| PB 0x00000000ffa00000| Untracked |  0
|1465|0x00000000ffb00000, 0x00000000ffc00000, 0x00000000ffc00000|100%| O|  |TAMS 0x00000000ffb00000| PB 0x00000000ffb00000| Untracked |  0
|1466|0x00000000ffc00000, 0x00000000ffd00000, 0x00000000ffd00000|100%| O|  |TAMS 0x00000000ffc00000| PB 0x00000000ffc00000| Untracked |  0
|1467|0x00000000ffd00000, 0x00000000ffe00000, 0x00000000ffe00000|100%| O|  |TAMS 0x00000000ffd00000| PB 0x00000000ffd00000| Untracked |  0
|1468|0x00000000ffe00000, 0x00000000fff00000, 0x00000000fff00000|100%| O|  |TAMS 0x00000000ffe00000| PB 0x00000000ffe00000| Untracked |  0
|1469|0x00000000fff00000, 0x0000000100000000, 0x0000000100000000|100%| E|CS|TAMS 0x00000000fff00000| PB 0x00000000fff00000| Complete |  0

Card table byte_map: [0x0000020d49b90000,0x0000020d49e70000] _byte_map_base: 0x0000020d4966f000

Marking Bits: (CMBitMap*) 0x0000020d31accab0
 Bits: [0x0000020d49e70000, 0x0000020d4b568000)

Polling page: 0x0000020d2fdd0000

Metaspace:
Metaspace        used 24691K, committed 25024K, reserved 1114112K
 class space     used 2674K, committed 2816K, reserved 1048576K

Usage:
  Non-class:     21.50 MB used.
      Class:      2.61 MB used.
       Both:     24.11 MB used.

Virtual space:
  Non-class space:       64.00 MB reserved,      21.69 MB ( 34%) committed,  1 nodes.
      Class space:        1.00 GB reserved,       2.75 MB ( <1%) committed,  1 nodes.
             Both:        1.06 GB reserved,      24.44 MB (  2%) committed. 

Chunk freelists:
   Non-Class:  10.11 MB
       Class:  13.24 MB
        Both:  23.35 MB

MaxMetaspaceSize: unlimited
CompressedClassSpaceSize: 1.00 GB
Initial GC threshold: 21.00 MB
Current GC threshold: 40.25 MB
CDS: on
 - commit_granule_bytes: 65536.
 - commit_granule_words: 8192.
 - virtual_space_node_default_size: 8388608.
 - enlarge_chunks_in_place: 1.
UseCompressedClassPointers 1, UseCompactObjectHeaders 0
Narrow klass pointer bits 32, Max shift 3
Narrow klass base: 0x000000002e000000, Narrow klass shift: 0
Encoding Range: [0x000000002e000000 - 0x000000012e000000), (4294967296 bytes)
Klass Range:    [0x000000002e010000 - 0x000000006f000000), (1090453504 bytes)
Klass ID Range:  [65536 - 1090519033) (1090453497)
Protection zone: [0x000000002e000000 - 0x000000002e010000), (65536 bytes)


Internal statistics:

num_allocs_failed_limit: 3.
num_arena_births: 246.
num_arena_deaths: 38.
num_vsnodes_births: 2.
num_vsnodes_deaths: 0.
num_space_committed: 391.
num_space_uncommitted: 0.
num_chunks_returned_to_freelist: 42.
num_chunks_taken_from_freelist: 535.
num_chunk_merges: 4.
num_chunk_splits: 339.
num_chunks_enlarged: 222.
num_inconsistent_stats: 0.

CodeHeap 'non-profiled nmethods': size=120064Kb used=2079Kb max_used=2079Kb free=117984Kb
 bounds [0x0000020d42030000, 0x0000020d422a0000, 0x0000020d49570000]
CodeHeap 'profiled nmethods': size=120000Kb used=7962Kb max_used=7962Kb free=112037Kb
 bounds [0x0000020d3a570000, 0x0000020d3ad40000, 0x0000020d41aa0000]
CodeHeap 'non-nmethods': size=5696Kb used=1795Kb max_used=1880Kb free=3900Kb
 bounds [0x0000020d41aa0000, 0x0000020d41d10000, 0x0000020d42030000]
CodeCache: size=245760Kb, used=11836Kb, max_used=11921Kb, free=233921Kb
 total_blobs=5910, nmethods=4990, adapters=818, full_count=0
Compilation: enabled, stopped_count=0, restarted_count=0

Compilation events (20 events):
Event: 2834.346 Thread 0x0000020d4df75c30 5284       3       javax.swing.plaf.basic.BasicTableHeaderUI::paintCell (39 bytes)
Event: 2834.347 Thread 0x0000020d4df54000 nmethod 5282 0x0000020d42236d88 code [0x0000020d42236e80, 0x0000020d42236f88]
Event: 2834.347 Thread 0x0000020d4df54000 5283       4       com.formdev.flatlaf.ui.FlatUIUtils::createComponentRectangle (72 bytes)
Event: 2834.350 Thread 0x0000020d4df75c30 nmethod 5284 0x0000020d3ad32408 code [0x0000020d3ad32500, 0x0000020d3ad32758]
Event: 2834.350 Thread 0x0000020d4df75c30 5285       3       com.formdev.flatlaf.ui.FlatTableHeaderUI$FlatTableHeaderCellRendererPane::paintComponent (534 bytes)
Event: 2834.354 Thread 0x0000020d4df54000 nmethod 5283 0x0000020d42237088 code [0x0000020d42237180, 0x0000020d422373c0]
Event: 2834.354 Thread 0x0000020d4df54000 5289   !   4       java.awt.DefaultKeyboardFocusManager::dispatchEvent (1625 bytes)
Event: 2834.366 Thread 0x0000020d4df75c30 nmethod 5285 0x0000020d3ad32788 code [0x0000020d3ad328a0, 0x0000020d3ad35738]
Event: 2834.366 Thread 0x0000020d4df75c30 5286       3       sun.swing.table.DefaultTableCellHeaderRenderer::paintComponent (102 bytes)
Event: 2834.370 Thread 0x0000020d4df75c30 nmethod 5286 0x0000020d3ad35788 code [0x0000020d3ad35880, 0x0000020d3ad35e98]
Event: 2834.370 Thread 0x0000020d4df75c30 5287       1       javax.swing.JTable::getShowHorizontalLines (5 bytes)
Event: 2834.370 Thread 0x0000020d4df75c30 nmethod 5287 0x0000020d42237408 code [0x0000020d42237500, 0x0000020d422375d0]
Event: 2834.370 Thread 0x0000020d4df75c30 5288       1       javax.swing.JTable::getShowVerticalLines (5 bytes)
Event: 2834.370 Thread 0x0000020d4df75c30 nmethod 5288 0x0000020d42237708 code [0x0000020d42237800, 0x0000020d422378d0]
Event: 2834.370 Thread 0x0000020d4df75c30 5290       1       javax.swing.JScrollPane::getViewportBorder (5 bytes)
Event: 2834.370 Thread 0x0000020d4df75c30 nmethod 5290 0x0000020d42237a08 code [0x0000020d42237b00, 0x0000020d42237bc8]
Event: 2835.313 Thread 0x0000020d4df75c30 5292       3       java.util.concurrent.locks.ReentrantLock::newCondition (8 bytes)
Event: 2835.314 Thread 0x0000020d4df75c30 nmethod 5292 0x0000020d3ad35f08 code [0x0000020d3ad36000, 0x0000020d3ad364b0]
Event: 2835.314 Thread 0x0000020d4df75c30 5293       3       java.util.concurrent.locks.ReentrantLock$Sync::newCondition (9 bytes)
Event: 2835.314 Thread 0x0000020d4df75c30 nmethod 5293 0x0000020d3ad36508 code [0x0000020d3ad36600, 0x0000020d3ad368e8]

GC Heap Usage History (10 events):
Event: 3.871 {heap Before GC invocations=0 (full 0):
 garbage-first heap   total reserved 1505280K, committed 96256K, used 39059K [0x00000000a4200000, 0x0000000100000000)
  region size 1024K, 38 young (38912K), 0 survivors (0K)
}
Event: 3.881 {heap After GC invocations=1 (full 0):
 garbage-first heap   total reserved 1505280K, committed 96256K, used 6888K [0x00000000a4200000, 0x0000000100000000)
  region size 1024K, 6 young (6144K), 6 survivors (6144K)
}
Event: 338.738 {heap Before GC invocations=2 (full 0):
 garbage-first heap   total reserved 1505280K, committed 27648K, used 26344K [0x00000000a4200000, 0x0000000100000000)
  region size 1024K, 18 young (18432K), 6 survivors (6144K)
}
Event: 338.755 {heap After GC invocations=3 (full 0):
 garbage-first heap   total reserved 1505280K, committed 35840K, used 15266K [0x00000000a4200000, 0x0000000100000000)
  region size 1024K, 2 young (2048K), 2 survivors (2048K)
}
Event: 388.000 {heap Before GC invocations=3 (full 0):
 garbage-first heap   total reserved 1505280K, committed 35840K, used 33698K [0x00000000a4200000, 0x0000000100000000)
  region size 1024K, 12 young (12288K), 2 survivors (2048K)
}
Event: 388.004 {heap After GC invocations=4 (full 0):
 garbage-first heap   total reserved 1505280K, committed 37888K, used 23723K [0x00000000a4200000, 0x0000000100000000)
  region size 1024K, 2 young (2048K), 2 survivors (2048K)
}
Event: 2521.969 {heap Before GC invocations=4 (full 0):
 garbage-first heap   total reserved 1505280K, committed 37888K, used 31915K [0x00000000a4200000, 0x0000000100000000)
  region size 1024K, 10 young (10240K), 2 survivors (2048K)
}
Event: 2522.017 {heap After GC invocations=5 (full 0):
 garbage-first heap   total reserved 1505280K, committed 37888K, used 23750K [0x00000000a4200000, 0x0000000100000000)
  region size 1024K, 2 young (2048K), 2 survivors (2048K)
}
Event: 2612.666 {heap Before GC invocations=6 (full 0):
 garbage-first heap   total reserved 1505280K, committed 40960K, used 31942K [0x00000000a4200000, 0x0000000100000000)
  region size 1024K, 10 young (10240K), 2 survivors (2048K)
}
Event: 2612.669 {heap After GC invocations=7 (full 0):
 garbage-first heap   total reserved 1505280K, committed 40960K, used 23847K [0x00000000a4200000, 0x0000000100000000)
  region size 1024K, 1 young (1024K), 1 survivors (1024K)
}

Metaspace Usage History (10 events):
Event: 3.871 {metaspace Before GC invocations=0 (full 0):
 Metaspace       used 21240K, committed 21504K, reserved 1114112K
  class space    used 2423K, committed 2560K, reserved 1048576K
}
Event: 3.881 {metaspace After GC invocations=1 (full 0):
 Metaspace       used 21240K, committed 21504K, reserved 1114112K
  class space    used 2423K, committed 2560K, reserved 1048576K
}
Event: 338.738 {metaspace Before GC invocations=2 (full 0):
 Metaspace       used 23191K, committed 23424K, reserved 1114112K
  class space    used 2585K, committed 2688K, reserved 1048576K
}
Event: 338.755 {metaspace After GC invocations=3 (full 0):
 Metaspace       used 23191K, committed 23424K, reserved 1114112K
  class space    used 2585K, committed 2688K, reserved 1048576K
}
Event: 388.000 {metaspace Before GC invocations=3 (full 0):
 Metaspace       used 24140K, committed 24448K, reserved 1114112K
  class space    used 2655K, committed 2816K, reserved 1048576K
}
Event: 388.004 {metaspace After GC invocations=4 (full 0):
 Metaspace       used 24140K, committed 24448K, reserved 1114112K
  class space    used 2655K, committed 2816K, reserved 1048576K
}
Event: 2521.970 {metaspace Before GC invocations=4 (full 0):
 Metaspace       used 24356K, committed 24704K, reserved 1114112K
  class space    used 2659K, committed 2816K, reserved 1048576K
}
Event: 2522.017 {metaspace After GC invocations=5 (full 0):
 Metaspace       used 24356K, committed 24704K, reserved 1114112K
  class space    used 2659K, committed 2816K, reserved 1048576K
}
Event: 2612.666 {metaspace Before GC invocations=6 (full 0):
 Metaspace       used 24537K, committed 24896K, reserved 1114112K
  class space    used 2667K, committed 2816K, reserved 1048576K
}
Event: 2612.669 {metaspace After GC invocations=7 (full 0):
 Metaspace       used 24537K, committed 24896K, reserved 1114112K
  class space    used 2667K, committed 2816K, reserved 1048576K
}

Dll operation events (11 events):
Event: 0.018 Loaded shared library C:\Program Files\Apache NetBeans\jdk\bin\java.dll
Event: 0.109 Loaded shared library C:\Program Files\Apache NetBeans\jdk\bin\jimage.dll
Event: 0.122 Loaded shared library C:\Program Files\Apache NetBeans\jdk\bin\awt.dll
Event: 0.153 Loaded shared library C:\Program Files\Apache NetBeans\jdk\bin\net.dll
Event: 0.156 Loaded shared library C:\Program Files\Apache NetBeans\jdk\bin\nio.dll
Event: 0.165 Loaded shared library C:\Program Files\Apache NetBeans\jdk\bin\zip.dll
Event: 0.548 Loaded shared library C:\Program Files\Apache NetBeans\jdk\bin\freetype.dll
Event: 0.553 Loaded shared library C:\Program Files\Apache NetBeans\jdk\bin\fontmanager.dll
Event: 1.144 Loaded shared library C:\Users\josea\AppData\Local\Temp\flatlaf.temp\flatlaf-windows-x86_64-1739956509679000.dll
Event: 1.522 Loaded shared library C:\Program Files\Apache NetBeans\jdk\bin\extnet.dll
Event: 1.961 Loaded shared library C:\Program Files\Apache NetBeans\jdk\bin\sunmscapi.dll

Deoptimization events (20 events):
Event: 2612.608 Thread 0x0000020d5281be30 Uncommon trap: trap_request=0xffffffc6 fr.pc=0x0000020d4220932c relative=0x00000000000006ac
Event: 2612.608 Thread 0x0000020d5281be30 Uncommon trap: reason=bimorphic_or_optimized_type_check action=maybe_recompile pc=0x0000020d4220932c method=java.util.HashMap.putVal(ILjava/lang/Object;Ljava/lang/Object;ZZ)Ljava/lang/Object; @ 91 c2
Event: 2612.608 Thread 0x0000020d5281be30 DEOPT PACKING pc=0x0000020d4220932c sp=0x0000007d7d7fe0a0
Event: 2612.608 Thread 0x0000020d5281be30 DEOPT UNPACKING pc=0x0000020d41bbf582 sp=0x0000007d7d7fdfa8 mode 2
Event: 2612.608 Thread 0x0000020d5281be30 Uncommon trap: trap_request=0xffffffc6 fr.pc=0x0000020d421952b0 relative=0x0000000000000630
Event: 2612.608 Thread 0x0000020d5281be30 Uncommon trap: reason=bimorphic_or_optimized_type_check action=maybe_recompile pc=0x0000020d421952b0 method=java.util.HashMap.putVal(ILjava/lang/Object;Ljava/lang/Object;ZZ)Ljava/lang/Object; @ 91 c2
Event: 2612.608 Thread 0x0000020d5281be30 DEOPT PACKING pc=0x0000020d421952b0 sp=0x0000007d7d7fe020
Event: 2612.608 Thread 0x0000020d5281be30 DEOPT UNPACKING pc=0x0000020d41bbf582 sp=0x0000007d7d7fdfb0 mode 2
Event: 2612.608 Thread 0x0000020d5281be30 Uncommon trap: trap_request=0xffffffc6 fr.pc=0x0000020d421658e4 relative=0x00000000000006e4
Event: 2612.608 Thread 0x0000020d5281be30 Uncommon trap: reason=bimorphic_or_optimized_type_check action=maybe_recompile pc=0x0000020d421658e4 method=java.util.HashMap.putVal(ILjava/lang/Object;Ljava/lang/Object;ZZ)Ljava/lang/Object; @ 91 c2
Event: 2612.608 Thread 0x0000020d5281be30 DEOPT PACKING pc=0x0000020d421658e4 sp=0x0000007d7d7fdf90
Event: 2612.608 Thread 0x0000020d5281be30 DEOPT UNPACKING pc=0x0000020d41bbf582 sp=0x0000007d7d7fde28 mode 2
Event: 2690.383 Thread 0x0000020d5281be30 Uncommon trap: trap_request=0xffffffcc fr.pc=0x0000020d4222800c relative=0x000000000000038c
Event: 2690.383 Thread 0x0000020d5281be30 Uncommon trap: reason=intrinsic_or_type_checked_inlining action=make_not_entrant pc=0x0000020d4222800c method=java.util.Arrays.copyOf([Ljava/lang/Object;ILjava/lang/Class;)[Ljava/lang/Object; @ 35 c2
Event: 2690.383 Thread 0x0000020d5281be30 DEOPT PACKING pc=0x0000020d4222800c sp=0x0000007d7d7fef00
Event: 2690.383 Thread 0x0000020d5281be30 DEOPT UNPACKING pc=0x0000020d41bbf582 sp=0x0000007d7d7fee90 mode 2
Event: 2811.932 Thread 0x0000020d523e9f70 Uncommon trap: trap_request=0xffffff45 fr.pc=0x0000020d42170c3c relative=0x000000000000049c
Event: 2811.994 Thread 0x0000020d523e9f70 Uncommon trap: reason=unstable_if action=reinterpret pc=0x0000020d42170c3c method=com.formdev.flatlaf.ui.FlatWindowsNativeWindowBorder$WndProc.onNcHitTest(IIZ)I @ 87 c2
Event: 2811.995 Thread 0x0000020d523e9f70 DEOPT PACKING pc=0x0000020d42170c3c sp=0x0000007d7d6fe760
Event: 2811.996 Thread 0x0000020d523e9f70 DEOPT UNPACKING pc=0x0000020d41bbf582 sp=0x0000007d7d6fe6f0 mode 2

Classes loaded (20 events):
Event: 2612.679 Loading class sun/awt/datatransfer/ClipboardTransferable$DataFactory
Event: 2612.679 Loading class sun/awt/datatransfer/ClipboardTransferable$DataFactory done
Event: 2612.684 Loading class sun/datatransfer/DataFlavorUtil$DataFlavorComparator
Event: 2612.684 Loading class sun/datatransfer/DataFlavorUtil$DataFlavorComparator done
Event: 2612.684 Loading class sun/datatransfer/DataFlavorUtil$RMI
Event: 2612.685 Loading class sun/datatransfer/DataFlavorUtil$RMI done
Event: 2612.685 Loading class java/rmi/Remote
Event: 2612.685 Loading class java/rmi/Remote done
Event: 2612.685 Loading class java/rmi/MarshalledObject
Event: 2612.686 Loading class java/rmi/MarshalledObject done
Event: 2612.693 Loading class sun/awt/datatransfer/DataTransferer$ReencodingInputStream
Event: 2612.693 Loading class sun/awt/datatransfer/DataTransferer$ReencodingInputStream done
Event: 2612.694 Loading class sun/nio/cs/UTF_16$Encoder
Event: 2612.695 Loading class sun/nio/cs/UnicodeEncoder
Event: 2612.695 Loading class sun/nio/cs/UnicodeEncoder done
Event: 2612.695 Loading class sun/nio/cs/UTF_16$Encoder done
Event: 2621.653 Loading class sun/awt/windows/WInputMethod$1
Event: 2621.654 Loading class sun/awt/windows/WInputMethod$1 done
Event: 2621.661 Loading class java/awt/font/TextHitInfo
Event: 2621.662 Loading class java/awt/font/TextHitInfo done

Classes unloaded (19 events):
Event: 2522.052 Thread 0x0000020d4df296f0 Unloading class 0x000000002f209c00 'java/lang/invoke/LambdaForm$BMH+0x000000002f209c00'
Event: 2522.053 Thread 0x0000020d4df296f0 Unloading class 0x000000002f208800 'java/lang/invoke/LambdaForm$BMH+0x000000002f208800'
Event: 2522.053 Thread 0x0000020d4df296f0 Unloading class 0x000000002f1c4c00 'java/lang/invoke/LambdaForm$BMH+0x000000002f1c4c00'
Event: 2522.054 Thread 0x0000020d4df296f0 Unloading class 0x000000002f15a000 'java/lang/invoke/LambdaForm$DMH+0x000000002f15a000'
Event: 2522.054 Thread 0x0000020d4df296f0 Unloading class 0x000000002f159800 'java/lang/invoke/LambdaForm$DMH+0x000000002f159800'
Event: 2522.054 Thread 0x0000020d4df296f0 Unloading class 0x000000002f159400 'java/lang/invoke/LambdaForm$MH+0x000000002f159400'
Event: 2522.054 Thread 0x0000020d4df296f0 Unloading class 0x000000002f158800 'java/lang/invoke/LambdaForm$MH+0x000000002f158800'
Event: 2522.054 Thread 0x0000020d4df296f0 Unloading class 0x000000002f0dd400 'java/lang/invoke/LambdaForm$DMH+0x000000002f0dd400'
Event: 2522.054 Thread 0x0000020d4df296f0 Unloading class 0x000000002f0dd000 'java/lang/invoke/LambdaForm$MH+0x000000002f0dd000'
Event: 2522.055 Thread 0x0000020d4df296f0 Unloading class 0x000000002f0cc800 'java/lang/invoke/LambdaForm$MH+0x000000002f0cc800'
Event: 2522.055 Thread 0x0000020d4df296f0 Unloading class 0x000000002f0cc400 'java/lang/invoke/LambdaForm$MH+0x000000002f0cc400'
Event: 2522.055 Thread 0x0000020d4df296f0 Unloading class 0x000000002f0c1c00 'java/lang/invoke/LambdaForm$MH+0x000000002f0c1c00'
Event: 2522.055 Thread 0x0000020d4df296f0 Unloading class 0x000000002f0c1000 'java/lang/invoke/LambdaForm$MH+0x000000002f0c1000'
Event: 2522.055 Thread 0x0000020d4df296f0 Unloading class 0x000000002f0c0400 'java/lang/invoke/LambdaForm$MH+0x000000002f0c0400'
Event: 2522.055 Thread 0x0000020d4df296f0 Unloading class 0x000000002f050400 'java/lang/invoke/LambdaForm$DMH+0x000000002f050400'
Event: 2522.056 Thread 0x0000020d4df296f0 Unloading class 0x000000002f04f400 'java/lang/invoke/LambdaForm$DMH+0x000000002f04f400'
Event: 2522.056 Thread 0x0000020d4df296f0 Unloading class 0x000000002f04e800 'java/lang/invoke/LambdaForm$DMH+0x000000002f04e800'
Event: 2522.056 Thread 0x0000020d4df296f0 Unloading class 0x000000002f04e000 'java/lang/invoke/LambdaForm$DMH+0x000000002f04e000'
Event: 2522.056 Thread 0x0000020d4df296f0 Unloading class 0x000000002f040800 'java/lang/invoke/LambdaForm$MH+0x000000002f040800'

Classes redefined (0 events):
No events

Internal exceptions (20 events):
Event: 1.357 Thread 0x0000020d5281be30 Exception <a 'java/lang/NoSuchMethodError'{0x00000000a90fd780}: 'void java.lang.invoke.DirectMethodHandle$Holder.invokeStatic(java.lang.Object, java.lang.Object, java.lang.Object)'> (0x00000000a90fd780) 
thrown [s\src\hotspot\share\interpreter\linkResolver.cpp, line 804]
Event: 1.358 Thread 0x0000020d5281be30 Exception <a 'java/lang/NoSuchMethodError'{0x00000000a8f869b8}: 'void java.lang.invoke.DirectMethodHandle$Holder.invokeStaticInit(java.lang.Object, java.lang.Object, java.lang.Object)'> (0x00000000a8f869b8) 
thrown [s\src\hotspot\share\interpreter\linkResolver.cpp, line 804]
Event: 1.427 Thread 0x0000020d5281be30 Exception <a 'java/lang/NoSuchMethodError'{0x00000000a8e6ed78}: 'java.lang.Object java.lang.invoke.Invokers$Holder.invoke_MT(java.lang.Object, java.lang.Object, java.lang.Object, java.lang.Object, java.lang.Object, java.lang.Object)'> (0x00000000a8e6ed78) 
thrown [s\src\hotspot\share\interpreter\linkResolver.cpp, line 804]
Event: 1.429 Thread 0x0000020d5281be30 Exception <a 'java/lang/NoSuchMethodError'{0x00000000a8e77a88}: 'java.lang.Object java.lang.invoke.DirectMethodHandle$Holder.invokeStatic(java.lang.Object, java.lang.Object, int)'> (0x00000000a8e77a88) 
thrown [s\src\hotspot\share\interpreter\linkResolver.cpp, line 804]
Event: 1.432 Thread 0x0000020d5281be30 Exception <a 'java/lang/NoSuchMethodError'{0x00000000a8e993b8}: 'void java.lang.invoke.DelegatingMethodHandle$Holder.delegate(java.lang.Object, java.lang.Object, int, java.lang.Object)'> (0x00000000a8e993b8) 
thrown [s\src\hotspot\share\interpreter\linkResolver.cpp, line 804]
Event: 1.481 Thread 0x0000020d5281be30 Exception <a 'java/lang/NoSuchMethodError'{0x00000000a8d7f4c8}: 'java.lang.Object java.lang.invoke.DirectMethodHandle$Holder.invokeInterface(java.lang.Object, java.lang.Object)'> (0x00000000a8d7f4c8) 
thrown [s\src\hotspot\share\interpreter\linkResolver.cpp, line 804]
Event: 1.587 Thread 0x0000020d5281be30 Exception <a 'java/lang/NoSuchMethodError'{0x00000000a8a7f230}: 'java.lang.Object java.lang.invoke.DirectMethodHandle$Holder.newInvokeSpecial(java.lang.Object, long)'> (0x00000000a8a7f230) 
thrown [s\src\hotspot\share\interpreter\linkResolver.cpp, line 804]
Event: 1.741 Thread 0x0000020d5281be30 Exception <a 'java/lang/NoSuchMethodError'{0x00000000a8821e10}: 'java.lang.Object java.lang.invoke.Invokers$Holder.invokeExact_MT(java.lang.Object, java.lang.Object, java.lang.Object, java.lang.Object, java.lang.Object)'> (0x00000000a8821e10) 
thrown [s\src\hotspot\share\interpreter\linkResolver.cpp, line 804]
Event: 1.750 Thread 0x0000020d5281be30 Exception <a 'java/lang/NoSuchMethodError'{0x00000000a883d228}: 'java.lang.Object java.lang.invoke.DirectMethodHandle$Holder.invokeStaticInit(java.lang.Object, int, int, int, int)'> (0x00000000a883d228) 
thrown [s\src\hotspot\share\interpreter\linkResolver.cpp, line 804]
Event: 1.790 Thread 0x0000020d5281be30 Exception <a 'java/lang/NoSuchMethodError'{0x00000000a870e1c8}: 'java.lang.Object java.lang.invoke.DirectMethodHandle$Holder.invokeStaticInit(java.lang.Object, java.lang.Object, int, int, int, int)'> (0x00000000a870e1c8) 
thrown [s\src\hotspot\share\interpreter\linkResolver.cpp, line 804]
Event: 1.829 Thread 0x0000020d5281be30 Exception <a 'sun/nio/fs/WindowsException'{0x00000000a8798f30}> (0x00000000a8798f30) 
thrown [s\src\hotspot\share\prims\jni.cpp, line 516]
Event: 2.313 Thread 0x0000020d5281be30 Exception <a 'java/lang/NoSuchMethodError'{0x00000000a85ef758}: 'java.lang.Object java.lang.invoke.DelegatingMethodHandle$Holder.reinvoke_L(java.lang.Object, java.lang.Object, int, java.lang.Object, int, int)'> (0x00000000a85ef758) 
thrown [s\src\hotspot\share\interpreter\linkResolver.cpp, line 804]
Event: 2.866 Thread 0x0000020d5281be30 Exception <a 'java/lang/NoSuchMethodError'{0x00000000a7e95b88}: 'void java.lang.invoke.DelegatingMethodHandle$Holder.reinvoke_L(java.lang.Object, java.lang.Object, java.lang.Object, long, float)'> (0x00000000a7e95b88) 
thrown [s\src\hotspot\share\interpreter\linkResolver.cpp, line 804]
Event: 2.874 Thread 0x0000020d5281be30 Exception <a 'java/lang/NoSuchMethodError'{0x00000000a7eae098}: 'java.lang.Object java.lang.invoke.DirectMethodHandle$Holder.invokeStatic(java.lang.Object, java.lang.Object, java.lang.Object, java.lang.Object, long)'> (0x00000000a7eae098) 
thrown [s\src\hotspot\share\interpreter\linkResolver.cpp, line 804]
Event: 2.879 Thread 0x0000020d5281be30 Exception <a 'java/lang/NoSuchMethodError'{0x00000000a7ed03d0}: 'float java.lang.invoke.DelegatingMethodHandle$Holder.reinvoke_L(java.lang.Object, java.lang.Object, java.lang.Object, long)'> (0x00000000a7ed03d0) 
thrown [s\src\hotspot\share\interpreter\linkResolver.cpp, line 804]
Event: 3.342 Thread 0x0000020d5281be30 Exception <a 'java/lang/NoSuchMethodError'{0x00000000a7af3bc0}: 'void java.lang.invoke.DirectMethodHandle$Holder.invokeStaticInit(java.lang.Object)'> (0x00000000a7af3bc0) 
thrown [s\src\hotspot\share\interpreter\linkResolver.cpp, line 804]
Event: 3.438 Thread 0x0000020d5281be30 Implicit null exception at 0x0000020d420e5cae to 0x0000020d420e5d38
Event: 3.525 Thread 0x0000020d5281be30 Exception <a 'java/io/FileNotFoundException'{0x00000000a79bb228}> (0x00000000a79bb228) 
thrown [s\src\hotspot\share\prims\jni.cpp, line 516]
Event: 3.536 Thread 0x0000020d5281be30 Exception <a 'java/io/FileNotFoundException'{0x00000000a79d2330}> (0x00000000a79d2330) 
thrown [s\src\hotspot\share\prims\jni.cpp, line 516]
Event: 2612.676 Thread 0x0000020d5281be30 Exception <a 'java/lang/NoSuchMethodError'{0x00000000ffff7cb0}: 'void java.lang.invoke.DirectMethodHandle$Holder.invokeSpecial(java.lang.Object, java.lang.Object, java.lang.Object, java.lang.Object, java.lang.Object)'> (0x00000000ffff7cb0) 
thrown [s\src\hotspot\share\interpreter\linkResolver.cpp, line 804]

VM Operations (20 events):
Event: 2525.426 Executing non-safepoint VM operation: RendezvousGCThreads
Event: 2525.426 Executing non-safepoint VM operation: RendezvousGCThreads done
Event: 2585.490 Executing non-safepoint VM operation: HandshakeAllThreads (HandshakeForDeflation)
Event: 2585.490 Executing non-safepoint VM operation: HandshakeAllThreads (HandshakeForDeflation) done
Event: 2585.490 Executing non-safepoint VM operation: RendezvousGCThreads
Event: 2585.490 Executing non-safepoint VM operation: RendezvousGCThreads done
Event: 2612.666 Executing safepoint VM operation: G1CollectForAllocation (G1 Evacuation Pause)
Event: 2612.669 Executing safepoint VM operation: G1CollectForAllocation (G1 Evacuation Pause) done
Event: 2645.660 Executing non-safepoint VM operation: HandshakeAllThreads (HandshakeForDeflation)
Event: 2645.660 Executing non-safepoint VM operation: HandshakeAllThreads (HandshakeForDeflation) done
Event: 2645.660 Executing non-safepoint VM operation: RendezvousGCThreads
Event: 2645.660 Executing non-safepoint VM operation: RendezvousGCThreads done
Event: 2705.724 Executing non-safepoint VM operation: HandshakeAllThreads (HandshakeForDeflation)
Event: 2705.724 Executing non-safepoint VM operation: HandshakeAllThreads (HandshakeForDeflation) done
Event: 2705.724 Executing non-safepoint VM operation: RendezvousGCThreads
Event: 2705.724 Executing non-safepoint VM operation: RendezvousGCThreads done
Event: 2825.901 Executing non-safepoint VM operation: HandshakeAllThreads (HandshakeForDeflation)
Event: 2825.901 Executing non-safepoint VM operation: HandshakeAllThreads (HandshakeForDeflation) done
Event: 2825.901 Executing non-safepoint VM operation: RendezvousGCThreads
Event: 2825.902 Executing non-safepoint VM operation: RendezvousGCThreads done

Memory protections (0 events):
No events

Nmethod flushes (20 events):
Event: 2522.156 Thread 0x0000020d4df296f0 flushing  nmethod 0x0000020d3a5e9d88
Event: 2522.156 Thread 0x0000020d4df296f0 flushing  nmethod 0x0000020d3a5eb488
Event: 2522.156 Thread 0x0000020d4df296f0 flushing  nmethod 0x0000020d3a5eb788
Event: 2522.156 Thread 0x0000020d4df296f0 flushing  nmethod 0x0000020d3a5fda88
Event: 2522.156 Thread 0x0000020d4df296f0 flushing  nmethod 0x0000020d3a5fe588
Event: 2522.156 Thread 0x0000020d4df296f0 flushing  nmethod 0x0000020d3a5fed88
Event: 2522.156 Thread 0x0000020d4df296f0 flushing  nmethod 0x0000020d3a66d408
Event: 2522.156 Thread 0x0000020d4df296f0 flushing  nmethod 0x0000020d3a66e508
Event: 2522.156 Thread 0x0000020d4df296f0 flushing  nmethod 0x0000020d3a66f408
Event: 2522.156 Thread 0x0000020d4df296f0 flushing  nmethod 0x0000020d3a681d08
Event: 2522.156 Thread 0x0000020d4df296f0 flushing  nmethod 0x0000020d3a692b08
Event: 2522.156 Thread 0x0000020d4df296f0 flushing  nmethod 0x0000020d3a694c88
Event: 2522.156 Thread 0x0000020d4df296f0 flushing  nmethod 0x0000020d3a6d1b88
Event: 2522.156 Thread 0x0000020d4df296f0 flushing  nmethod 0x0000020d3a6d6c08
Event: 2522.156 Thread 0x0000020d4df296f0 flushing  nmethod 0x0000020d3a728a88
Event: 2522.156 Thread 0x0000020d4df296f0 flushing  nmethod 0x0000020d3a764a88
Event: 2522.156 Thread 0x0000020d4df296f0 flushing  nmethod 0x0000020d3a7ced08
Event: 2522.156 Thread 0x0000020d4df296f0 flushing  nmethod 0x0000020d3a82b708
Event: 2522.156 Thread 0x0000020d4df296f0 flushing  nmethod 0x0000020d3a82bd88
Event: 2522.156 Thread 0x0000020d4df296f0 flushing  nmethod 0x0000020d3a889a88

Events (20 events):
Event: 0.248 Thread 0x0000020d2f632d80 Thread added: 0x0000020d523e9f70
Event: 0.277 Thread 0x0000020d2f632d80 Thread added: 0x0000020d5281be30
Event: 0.279 Thread 0x0000020d2f632d80 Thread exited: 0x0000020d2f632d80
Event: 0.279 Thread 0x0000020d2f632d80 Thread added: 0x0000020d2f632d80
Event: 1.263 Thread 0x0000020d4df75c30 Thread added: 0x0000020d57fe6110
Event: 1.541 Thread 0x0000020d5281be30 Thread added: 0x0000020d580d93d0
Event: 2.073 Thread 0x0000020d4df75c30 Thread added: 0x0000020d58355300
Event: 3.511 Thread 0x0000020d58355300 Thread exited: 0x0000020d58355300
Event: 3.648 Thread 0x0000020d57fe6110 Thread exited: 0x0000020d57fe6110
Event: 4.110 Thread 0x0000020d4df75c30 Thread added: 0x0000020d582f4990
Event: 7.087 Thread 0x0000020d582f4990 Thread exited: 0x0000020d582f4990
Event: 289.519 Thread 0x0000020d4df75c30 Thread added: 0x0000020d582f69d0
Event: 289.586 Thread 0x0000020d4df75c30 Thread added: 0x0000020d582f71e0
Event: 289.678 Thread 0x0000020d5281be30 Thread added: 0x0000020d58208360
Event: 290.156 Thread 0x0000020d582f69d0 Thread exited: 0x0000020d582f69d0
Event: 290.156 Thread 0x0000020d582f71e0 Thread exited: 0x0000020d582f71e0
Event: 311.881 Thread 0x0000020d4df54000 Thread added: 0x0000020d582f59b0
Event: 312.529 Thread 0x0000020d582f59b0 Thread exited: 0x0000020d582f59b0
Event: 2612.622 Thread 0x0000020d4df54000 Thread added: 0x0000020d582f69d0
Event: 2613.717 Thread 0x0000020d582f69d0 Thread exited: 0x0000020d582f69d0


Dynamic libraries:
0x00007ff698a60000 - 0x00007ff698a6e000 	C:\Program Files\Apache NetBeans\jdk\bin\java.exe
0x00007ffb53da0000 - 0x00007ffb54007000 	C:\WINDOWS\SYSTEM32\ntdll.dll
0x00007ffb52030000 - 0x00007ffb520f9000 	C:\WINDOWS\System32\KERNEL32.DLL
0x00007ffb51250000 - 0x00007ffb51647000 	C:\WINDOWS\System32\KERNELBASE.dll
0x00007ffb507d0000 - 0x00007ffb5091b000 	C:\WINDOWS\System32\ucrtbase.dll
0x00007ffb44cc0000 - 0x00007ffb44cde000 	C:\Program Files\Apache NetBeans\jdk\bin\VCRUNTIME140.dll
0x00007ffb40fa0000 - 0x00007ffb40fb6000 	C:\Program Files\Apache NetBeans\jdk\bin\jli.dll
0x00007ffb51de0000 - 0x00007ffb51fa6000 	C:\WINDOWS\System32\USER32.dll
0x00007ffb3a3b0000 - 0x00007ffb3a642000 	C:\WINDOWS\WinSxS\amd64_microsoft.windows.common-controls_6595b64144ccf1df_6.0.26100.8457_none_3e0b2faee331e92d\COMCTL32.dll
0x00007ffb51650000 - 0x00007ffb51677000 	C:\WINDOWS\System32\win32u.dll
0x00007ffb51b20000 - 0x00007ffb51bc9000 	C:\WINDOWS\System32\msvcrt.dll
0x00007ffb52100000 - 0x00007ffb5212b000 	C:\WINDOWS\System32\GDI32.dll
0x00007ffb51940000 - 0x00007ffb51a6c000 	C:\WINDOWS\System32\gdi32full.dll
0x00007ffb51a70000 - 0x00007ffb51b13000 	C:\WINDOWS\System32\msvcp_win.dll
0x00007ffb53300000 - 0x00007ffb53332000 	C:\WINDOWS\System32\IMM32.DLL
0x00007ffb4bb10000 - 0x00007ffb4bb1c000 	C:\Program Files\Apache NetBeans\jdk\bin\vcruntime140_1.dll
0x00007ffb275d0000 - 0x00007ffb2765d000 	C:\Program Files\Apache NetBeans\jdk\bin\msvcp140.dll
0x00007ffaed550000 - 0x00007ffaee476000 	C:\Program Files\Apache NetBeans\jdk\bin\server\jvm.dll
0x00007ffb53c90000 - 0x00007ffb53d46000 	C:\WINDOWS\System32\ADVAPI32.dll
0x00007ffb51bd0000 - 0x00007ffb51c77000 	C:\WINDOWS\System32\sechost.dll
0x00007ffb523f0000 - 0x00007ffb52508000 	C:\WINDOWS\System32\RPCRT4.dll
0x00007ffb52590000 - 0x00007ffb52610000 	C:\WINDOWS\System32\WS2_32.dll
0x00007ffb50630000 - 0x00007ffb5068e000 	C:\WINDOWS\SYSTEM32\POWRPROF.dll
0x00007ffb46ee0000 - 0x00007ffb46f16000 	C:\WINDOWS\SYSTEM32\WINMM.dll
0x00007ffb46750000 - 0x00007ffb4675b000 	C:\WINDOWS\SYSTEM32\VERSION.dll
0x00007ffb50610000 - 0x00007ffb50624000 	C:\WINDOWS\SYSTEM32\UMPDC.dll
0x00007ffb4f4c0000 - 0x00007ffb4f4db000 	C:\WINDOWS\SYSTEM32\kernel.appcore.dll
0x00007ffb4ba30000 - 0x00007ffb4ba3a000 	C:\Program Files\Apache NetBeans\jdk\bin\jimage.dll
0x00007ffb4e730000 - 0x00007ffb4e972000 	C:\WINDOWS\SYSTEM32\DBGHELP.DLL
0x00007ffb52670000 - 0x00007ffb529f3000 	C:\WINDOWS\System32\combase.dll
0x00007ffb52d10000 - 0x00007ffb52de9000 	C:\WINDOWS\System32\OLEAUT32.dll
0x00007ffb2aa50000 - 0x00007ffb2aa8b000 	C:\WINDOWS\SYSTEM32\dbgcore.DLL
0x00007ffb51800000 - 0x00007ffb518a8000 	C:\WINDOWS\System32\bcryptPrimitives.dll
0x00007ffb44990000 - 0x00007ffb449ae000 	C:\Program Files\Apache NetBeans\jdk\bin\java.dll
0x00007ffb52230000 - 0x00007ffb523c7000 	C:\WINDOWS\System32\ole32.dll
0x00007ffb53510000 - 0x00007ffb53c7e000 	C:\WINDOWS\System32\SHELL32.dll
0x00007ffb50920000 - 0x00007ffb5118c000 	C:\WINDOWS\System32\windows.storage.dll
0x00007ffb52a30000 - 0x00007ffb52b26000 	C:\WINDOWS\System32\SHCORE.dll
0x00007ffb521c0000 - 0x00007ffb52226000 	C:\WINDOWS\System32\shlwapi.dll
0x00007ffb506f0000 - 0x00007ffb50719000 	C:\WINDOWS\SYSTEM32\profapi.dll
0x00007ffaff780000 - 0x00007ffaff900000 	C:\Program Files\Apache NetBeans\jdk\bin\awt.dll
0x00007ffb4dc30000 - 0x00007ffb4dcd0000 	C:\WINDOWS\SYSTEM32\apphelp.dll
0x00007ffb3eae0000 - 0x00007ffb3eaf1000 	C:\Program Files\Apache NetBeans\jdk\bin\net.dll
0x00007ffb4fad0000 - 0x00007ffb4fb3c000 	C:\WINDOWS\system32\mswsock.dll
0x00007ffb3eac0000 - 0x00007ffb3ead6000 	C:\Program Files\Apache NetBeans\jdk\bin\nio.dll
0x00007ffb3ec40000 - 0x00007ffb3ec57000 	C:\Program Files\Apache NetBeans\jdk\bin\zip.dll
0x00007ffb4de20000 - 0x00007ffb4deca000 	C:\WINDOWS\system32\uxtheme.dll
0x00007ffb51c80000 - 0x00007ffb51ddc000 	C:\WINDOWS\System32\MSCTF.dll
0x00007ffb4e0a0000 - 0x00007ffb4e0cf000 	C:\WINDOWS\system32\DWMAPI.DLL
0x00007ffb27540000 - 0x00007ffb275c7000 	C:\Program Files\Apache NetBeans\jdk\bin\freetype.dll
0x00007ffb1cae0000 - 0x00007ffb1cbcf000 	C:\Program Files\Apache NetBeans\jdk\bin\fontmanager.dll
0x00007ffb08730000 - 0x00007ffb0883f000 	C:\WINDOWS\system32\opengl32.dll
0x00007ffb3ec60000 - 0x00007ffb3ec8d000 	C:\WINDOWS\SYSTEM32\GLU32.dll
0x00007ffb4e0e0000 - 0x00007ffb4e125000 	C:\WINDOWS\SYSTEM32\dxcore.dll
0x00007ffae3930000 - 0x00007ffae3ae3000 	C:\WINDOWS\system32\d3d9.dll
0x00007ffb3e310000 - 0x00007ffb3e330000 	C:\WINDOWS\System32\DriverStore\FileRepository\u0196528.inf_amd64_1db52c2ee81f7cc0\B025475\atidx9loader64.dll
0x00007ffad79d0000 - 0x00007ffada0eb000 	C:\WINDOWS\System32\DriverStore\FileRepository\u0196528.inf_amd64_1db52c2ee81f7cc0\B025475\AMDXN64.DLL
0x00007ffb52e00000 - 0x00007ffb53287000 	C:\WINDOWS\System32\SETUPAPI.dll
0x00007ffb4df30000 - 0x00007ffb4e06e000 	C:\WINDOWS\SYSTEM32\dxgi.dll
0x00007ffb506c0000 - 0x00007ffb506ea000 	C:\WINDOWS\SYSTEM32\BCrypt.dll
0x00007ffb45e30000 - 0x00007ffb45e6c000 	C:\WINDOWS\System32\DriverStore\FileRepository\u0196528.inf_amd64_1db52c2ee81f7cc0\B025475\amdihk64.dll
0x00007ffb4b7b0000 - 0x00007ffb4b811000 	C:\WINDOWS\SYSTEM32\directxdatabasehelper.dll
0x00007ffb448c0000 - 0x00007ffb448c6000 	C:\Users\josea\AppData\Local\Temp\flatlaf.temp\flatlaf-windows-x86_64-1739956509679000.dll
0x00007ffb44980000 - 0x00007ffb44989000 	C:\Program Files\Apache NetBeans\jdk\bin\extnet.dll
0x00007ffb253c0000 - 0x00007ffb253d8000 	C:\WINDOWS\system32\napinsp.dll
0x00007ffb4f040000 - 0x00007ffb4f172000 	C:\WINDOWS\SYSTEM32\DNSAPI.dll
0x00007ffb4efa0000 - 0x00007ffb4efd2000 	C:\WINDOWS\SYSTEM32\IPHLPAPI.DLL
0x00007ffb52df0000 - 0x00007ffb52dfa000 	C:\WINDOWS\System32\NSI.dll
0x00007ffb24de0000 - 0x00007ffb24df3000 	C:\WINDOWS\System32\winrnr.dll
0x00007ffb24db0000 - 0x00007ffb24dd2000 	C:\WINDOWS\system32\nlansp_c.dll
0x00007ffb24d90000 - 0x00007ffb24da6000 	C:\WINDOWS\system32\wshbth.dll
0x00007ffb44560000 - 0x00007ffb4456b000 	C:\Windows\System32\rasadhlp.dll
0x00007ffb4ace0000 - 0x00007ffb4ad66000 	C:\WINDOWS\System32\fwpuclnt.dll
0x00007ffb4fdb0000 - 0x00007ffb4fdcb000 	C:\WINDOWS\SYSTEM32\CRYPTSP.dll
0x00007ffb4f4e0000 - 0x00007ffb4f519000 	C:\WINDOWS\system32\rsaenh.dll
0x00007ffb4fb80000 - 0x00007ffb4fbb3000 	C:\WINDOWS\SYSTEM32\USERENV.dll
0x00007ffb4fdd0000 - 0x00007ffb4fddc000 	C:\WINDOWS\SYSTEM32\CRYPTBASE.dll
0x00007ffb4bfa0000 - 0x00007ffb4bfae000 	C:\Program Files\Apache NetBeans\jdk\bin\sunmscapi.dll
0x00007ffb51680000 - 0x00007ffb517f8000 	C:\WINDOWS\System32\CRYPT32.dll
0x00007ffb4ffd0000 - 0x00007ffb50000000 	C:\WINDOWS\SYSTEM32\ncrypt.dll
0x00007ffb4ff80000 - 0x00007ffb4ffbf000 	C:\WINDOWS\SYSTEM32\NTASN1.dll
0x00007ffb53450000 - 0x00007ffb534fe000 	C:\WINDOWS\System32\clbcatq.dll
0x00007ffb4c580000 - 0x00007ffb4c7ad000 	C:\WINDOWS\SYSTEM32\WindowsCodecs.dll
0x00007ffb3dc20000 - 0x00007ffb3dc7a000 	C:\WINDOWS\system32\dataexchange.dll
0x00007ffb44300000 - 0x00007ffb4454e000 	C:\WINDOWS\system32\twinapi.appcore.dll
0x00007ffb45a30000 - 0x00007ffb45a37000 	C:\Program Files\Apache NetBeans\jdk\bin\jawt.dll
0x00007ffb3b680000 - 0x00007ffb3b7c6000 	C:\WINDOWS\SYSTEM32\textinputframework.dll
0x00007ffb4d970000 - 0x00007ffb4da97000 	C:\WINDOWS\SYSTEM32\CoreMessaging.dll
0x00007ffb4b040000 - 0x00007ffb4b322000 	C:\WINDOWS\SYSTEM32\CoreUIComponents.dll
0x00007ffb4ae70000 - 0x00007ffb4afda000 	C:\WINDOWS\SYSTEM32\wintypes.dll
0x00007ffb418b0000 - 0x00007ffb4192f000 	C:\WINDOWS\system32\Ninput.dll
0x00007ffb45ca0000 - 0x00007ffb45cb1000 	C:\WINDOWS\SYSTEM32\wtdccm.dll

JVMTI agents: none

dbghelp: loaded successfully - version: 4.0.5 - missing functions: none
symbol engine: initialized successfully - sym options: 0x614 - pdb path: .;C:\Program Files\Apache NetBeans\jdk\bin;C:\WINDOWS\SYSTEM32;C:\WINDOWS\WinSxS\amd64_microsoft.windows.common-controls_6595b64144ccf1df_6.0.26100.8457_none_3e0b2faee331e92d;C:\Program Files\Apache NetBeans\jdk\bin\server;C:\WINDOWS\System32\DriverStore\FileRepository\u0196528.inf_amd64_1db52c2ee81f7cc0\B025475;C:\Users\josea\AppData\Local\Temp\flatlaf.temp

VM Arguments:
java_command: app.App
java_class_path (initial): C:\Users\josea\sistemadebanquetes\SistemaBanquetesEventos\target\classes;C:\Users\josea\.m2\repository\com\mysql\mysql-connector-j\8.4.0\mysql-connector-j-8.4.0.jar;C:\Users\josea\.m2\repository\com\google\protobuf\protobuf-java\3.25.1\protobuf-java-3.25.1.jar;C:\Users\josea\.m2\repository\com\formdev\flatlaf\3.5.4\flatlaf-3.5.4.jar;C:\Users\josea\.m2\repository\com\microsoft\sqlserver\mssql-jdbc\12.4.2.jre11\mssql-jdbc-12.4.2.jre11.jar
Launcher Type: SUN_STANDARD

[Global flags]
     intx CICompilerCount                          = 4                                         {product} {ergonomic}
     uint ConcGCThreads                            = 2                                         {product} {ergonomic}
     uint G1ConcRefinementThreads                  = 8                                         {product} {ergonomic}
   size_t G1HeapRegionSize                         = 1048576                                   {product} {ergonomic}
   size_t InitialHeapSize                          = 96468992                                  {product} {ergonomic}
   size_t MarkStackSize                            = 4194304                                   {product} {ergonomic}
   size_t MarkStackSizeMax                         = 536870912                                 {product} {ergonomic}
   size_t MaxHeapSize                              = 1541406720                                {product} {ergonomic}
   size_t MaxNewSize                               = 924844032                                 {product} {ergonomic}
   size_t MinHeapDeltaBytes                        = 1048576                                   {product} {ergonomic}
   size_t MinHeapSize                              = 8388608                                   {product} {ergonomic}
    uintx NonNMethodCodeHeapSize                   = 5832704                                {pd product} {ergonomic}
    uintx NonProfiledCodeHeapSize                  = 122945536                              {pd product} {ergonomic}
    uintx ProfiledCodeHeapSize                     = 122880000                              {pd product} {ergonomic}
    uintx ReservedCodeCacheSize                    = 251658240                              {pd product} {ergonomic}
     bool SegmentedCodeCache                       = true                                      {product} {ergonomic}
   size_t SoftMaxHeapSize                          = 1541406720                             {manageable} {ergonomic}
     bool UseCompressedOops                        = true                           {product lp64_product} {ergonomic}
     bool UseG1GC                                  = true                                      {product} {ergonomic}
     bool UseLargePagesIndividualAllocation        = false                                  {pd product} {ergonomic}

Logging:
Log output configuration:
 #0: stdout all=warning uptime,level,tags foldmultilines=false
 #1: stderr all=off uptime,level,tags foldmultilines=false

Release file:
IMPLEMENTOR="Eclipse Adoptium" 
IMPLEMENTOR_VERSION="Temurin-25.0.2+10" 
JAVA_RUNTIME_VERSION="25.0.2+10-LTS" 
JAVA_VERSION="25.0.2" 
JAVA_VERSION_DATE="2026-01-20" 
LIBC="default" 
MODULES="java.base java.compiler java.datatransfer java.xml java.prefs java.desktop java.instrument java.logging java.management java.security.sasl java.naming java.rmi java.management.rmi java.net.http java.scripting java.security.jgss java.transaction.xa java.sql java.sql.rowset java.xml.crypto java.se java.smartcardio jdk.accessibility jdk.internal.jvmstat jdk.attach jdk.charsets jdk.internal.opt jdk.zipfs jdk.compiler jdk.crypto.cryptoki jdk.crypto.ec jdk.crypto.mscapi jdk.dynalink jdk.internal.ed jdk.editpad jdk.internal.vm.ci jdk.graal.compiler jdk.graal.compiler.management jdk.hotspot.agent jdk.httpserver jdk.incubator.vector jdk.internal.le jdk.internal.md jdk.jartool jdk.javadoc jdk.jcmd jdk.management jdk.management.agent jdk.jconsole jdk.jdeps jdk.jdwp.agent jdk.jdi jdk.jfr jdk.jlink jdk.jpackage jdk.jshell jdk.jsobject jdk.jstatd jdk.localedata jdk.management.jfr jdk.naming.dns jdk.naming.rmi jdk.net jdk.nio.mapmode jdk.sctp jdk.security.auth jdk.security.jgss jdk.unsupported jdk.unsupported.desktop jdk.xml.dom" 
OS_ARCH="x86_64" 
OS_NAME="Windows" 
SOURCE=".:git:9e3c947043a4" 
BUILD_SOURCE="git:458965074606f027bd5afce2cfd5c1055dea0438"
BUILD_SOURCE_REPO="https://github.com/adoptium/temurin-build.git"
SOURCE_REPO="https://github.com/adoptium/jdk25u.git"
FULL_VERSION="25.0.2+10-LTS"
SEMANTIC_VERSION="25.0.2+10"
BUILD_INFO="OS: Windows Server 2022 Version: 10.0"
JVM_VARIANT="Hotspot"
JVM_VERSION="25.0.2+10-LTS"
IMAGE_TYPE="JDK"

Environment Variables:
JAVA_HOME=C:\Program Files\Apache NetBeans\jdk
PATH=C:\Program Files\Microsoft MPI\Bin\;C:\Program Files\Eclipse Adoptium\jdk-8.0.472.8-hotspot\bin;C:\WINDOWS\system32;C:\WINDOWS;C:\WINDOWS\System32\Wbem;C:\WINDOWS\System32\WindowsPowerShell\v1.0\;C:\WINDOWS\System32\OpenSSH\;C:\Program Files\nodejs\;C:\Program Files\Eclipse Adoptium\jdk-8.0.472.8-hotspot\\bin;C:\Program Files\Git\cmd;C:\Program Files (x86)\Microsoft SQL Server\160\Tools\Binn\;C:\Program Files\Microsoft SQL Server\160\Tools\Binn\;C:\Program Files\Microsoft SQL Server\Client SDK\ODBC\170\Tools\Binn\;C:\Program Files\Microsoft SQL Server\160\DTS\Binn\;C:\Program Files (x86)\Microsoft SQL Server\160\DTS\Binn\;C:\Program Files\Microsoft SQL Server\150\Tools\Binn\;C:\Program Files\Microsoft SQL Server\170\Tools\Binn\;C:\Program Files\dotnet\;C:\Users\josea\AppData\Local\Microsoft\WindowsApps;C:\Users\josea\AppData\Roaming\npm;C:\Users\josea\AppData\Local\Programs\Microsoft VS Code\bin;C:\Users\josea\.dotnet\tools;C:\Users\josea\AppData\Local\GitHubDesktop\bin;C:\Program Files\Apache NetBeans\bin\
USERNAME=josea
OS=Windows_NT
PROCESSOR_IDENTIFIER=AMD64 Family 23 Model 160 Stepping 0, AuthenticAMD
TMP=C:\Users\josea\AppData\Local\Temp
TEMP=C:\Users\josea\AppData\Local\Temp




Compilation memory statistics disabled.

Periodic native trim disabled

---------------  S Y S T E M  ---------------

OS:
 Windows 11 , 64 bit Build 26100 (10.0.26100.8328)
OS uptime: 2 days 1:06 hours
Hyper-V role detected

CPU: total 8 (initial active 8) (8 cores per cpu, 2 threads per core) family 23 model 160 stepping 0 microcode 0x8a00006, cx8, cmov, fxsr, ht, mmx, 3dnowpref, sse, sse2, sse3, ssse3, sse4a, sse4.1, sse4.2, popcnt, lzcnt, tsc, tscinvbit, avx, avx2, aes, clmul, bmi1, bmi2, adx, sha, fma, vzeroupper, clflush, clflushopt, clwb, hv, rdtscp, rdpid, f16c
Processor Information for processor 0
  Max Mhz: 2401, Current Mhz: 2000, Mhz Limit: 2401
Processor Information for processor 1
  Max Mhz: 2401, Current Mhz: 2000, Mhz Limit: 2401
Processor Information for processor 2
  Max Mhz: 2401, Current Mhz: 2401, Mhz Limit: 2401
Processor Information for processor 3
  Max Mhz: 2401, Current Mhz: 2000, Mhz Limit: 2401
Processor Information for processor 4
  Max Mhz: 2401, Current Mhz: 2401, Mhz Limit: 2401
Processor Information for processor 5
  Max Mhz: 2401, Current Mhz: 2000, Mhz Limit: 2401
Processor Information for processor 6
  Max Mhz: 2401, Current Mhz: 2401, Mhz Limit: 2401
Processor Information for processor 7
  Max Mhz: 2401, Current Mhz: 2000, Mhz Limit: 2401

Memory: 4k page, system-wide physical 5877M (390M free)
TotalPageFile size 17877M (AvailPageFile size 3M)
current process WorkingSet (physical memory assigned to process): 61M, peak: 174M
current process commit charge ("private bytes"): 263M, peak: 273M

vm_info: OpenJDK 64-Bit Server VM (25.0.2+10-LTS) for windows-amd64 JRE (25.0.2+10-LTS), built on 2026-01-20T00:00:00Z with MS VC++ 17.12 (VS2022)

END.
