#
# There is insufficient memory for the Java Runtime Environment to continue.
# Native memory allocation (malloc) failed to allocate 2195672 bytes. Error detail: Chunk::new
# Possible reasons:
#   The system is out of physical RAM or swap space
#   This process is running with CompressedOops enabled, and the Java Heap may be blocking the growth of the native heap
# Possible solutions:
#   Reduce memory load on the system
#   Increase physical memory or swap space
#   Check if swap backing store is full
#   Decrease Java heap size (-Xmx/-Xms)
#   Decrease number of Java threads
#   Decrease Java thread stack sizes (-Xss)
#   Set larger code cache with -XX:ReservedCodeCacheSize=
#   JVM is running with Unscaled Compressed Oops mode in which the Java heap is
#     placed in the first 4GB address space. The Java Heap base address is the
#     maximum limit for the native heap growth. Please use -XX:HeapBaseMinAddress
#     to set the Java Heap base and to place the Java Heap above 4GB virtual address.
# This output file may be truncated or incomplete.
#
#  Out of Memory Error (arena.cpp:186), pid=11824, tid=22736
#
# JRE version: OpenJDK Runtime Environment Temurin-25.0.2+10 (25.0.2+10) (build 25.0.2+10-LTS)
# Java VM: OpenJDK 64-Bit Server VM Temurin-25.0.2+10 (25.0.2+10-LTS, mixed mode, sharing, tiered, compressed oops, compressed class ptrs, g1 gc, windows-amd64)
# No core dump will be written. Minidumps are not enabled by default on client versions of Windows
#

---------------  S U M M A R Y ------------

Command Line: -Dclassworlds.conf=C:\Program Files\Apache NetBeans\java\maven\bin\m2.conf -Dmaven.home=C:\Program Files\Apache NetBeans\java\maven -Dlibrary.jansi.path=C:\Program Files\Apache NetBeans\java\maven\lib\jansi-native -Dmaven.multiModuleProjectDirectory=C:\Users\josea\sistemadebanquetes\SistemaBanquetesEventos org.codehaus.plexus.classworlds.launcher.Launcher -Dtest=EventoControllerTest#testGuardarEvento_InsertarCorrecto -Dmaven.ext.class.path=C:\Program Files\Apache NetBeans\java\maven-nblib\netbeans-eventspy.jar --no-transfer-progress process-test-classes surefire:test

Host: AMD Ryzen 3 7320U with Radeon Graphics         , 8 cores, 5G,  Windows 11 , 64 bit Build 26100 (10.0.26100.8328)
Time: Sat May 16 14:15:38 2026 Hora est. Pacífico, Sudamérica elapsed time: 2.943459 seconds (0d 0h 0m 2s)

---------------  T H R E A D  ---------------

Current thread (0x0000019223e52660):  JavaThread "C2 CompilerThread0" daemon [_thread_in_native, id=22736, stack(0x0000002902600000,0x0000002902700000) (1024K)]


Current CompileTask:
C2:2943 1173   !   4       sun.nio.cs.StreamDecoder::read (220 bytes)

Stack: [0x0000002902600000,0x0000002902700000]
Native frames: (J=compiled Java code, j=interpreted, Vv=VM code, C=native code)
V  [jvm.dll+0x7a8bc9]  (no source info available)
V  [jvm.dll+0x77310d]  (no source info available)
V  [jvm.dll+0x9f55f3]  (no source info available)
V  [jvm.dll+0x9f7be1]  (no source info available)
V  [jvm.dll+0x9f82f3]  (no source info available)
V  [jvm.dll+0x2fce26]  (no source info available)
V  [jvm.dll+0x111076]  (no source info available)
V  [jvm.dll+0x11139e]  (no source info available)
V  [jvm.dll+0x19fff2]  (no source info available)
V  [jvm.dll+0x3b5f62]  (no source info available)
V  [jvm.dll+0x7ae53c]  (no source info available)
V  [jvm.dll+0x2c0407]  (no source info available)
V  [jvm.dll+0x2bf3cf]  (no source info available)
V  [jvm.dll+0x237140]  (no source info available)
V  [jvm.dll+0x2cf4c6]  (no source info available)
V  [jvm.dll+0x2cd74a]  (no source info available)
V  [jvm.dll+0x48fbee]  (no source info available)
V  [jvm.dll+0x996b0d]  (no source info available)
V  [jvm.dll+0x7a71a5]  (no source info available)
C  [ucrtbase.dll+0x37b0]  (no source info available)
C  [KERNEL32.DLL+0x2e957]  (no source info available)
C  [ntdll.dll+0x427c]  (no source info available)

Lock stack of current Java thread (top to bottom):


---------------  P R O C E S S  ---------------

Threads class SMR info:
_java_thread_list=0x00000192285904f0, length=11, elements={
0x00000192079a5290, 0x0000019223e44530, 0x0000019223e46320, 0x0000019223e49060,
0x0000019223e4b450, 0x0000019223e4ef90, 0x0000019223e506c0, 0x0000019223e52660,
0x0000019223e58330, 0x000001922802e390, 0x0000019228031a10
}

Java Threads: ( => current thread )
  0x00000192079a5290 JavaThread "main"                              [_thread_in_native, id=12476, stack(0x0000002901800000,0x0000002901900000) (1024K)]
  0x0000019223e44530 JavaThread "Reference Handler"          daemon [_thread_blocked, id=18024, stack(0x0000002902000000,0x0000002902100000) (1024K)]
  0x0000019223e46320 JavaThread "Finalizer"                  daemon [_thread_blocked, id=17244, stack(0x0000002902100000,0x0000002902200000) (1024K)]
  0x0000019223e49060 JavaThread "Signal Dispatcher"          daemon [_thread_blocked, id=13456, stack(0x0000002902200000,0x0000002902300000) (1024K)]
  0x0000019223e4b450 JavaThread "Attach Listener"            daemon [_thread_blocked, id=24940, stack(0x0000002902300000,0x0000002902400000) (1024K)]
  0x0000019223e4ef90 JavaThread "Service Thread"             daemon [_thread_blocked, id=12612, stack(0x0000002902400000,0x0000002902500000) (1024K)]
  0x0000019223e506c0 JavaThread "Monitor Deflation Thread"   daemon [_thread_blocked, id=11896, stack(0x0000002902500000,0x0000002902600000) (1024K)]
=>0x0000019223e52660 JavaThread "C2 CompilerThread0"         daemon [_thread_in_native, id=22736, stack(0x0000002902600000,0x0000002902700000) (1024K)]
  0x0000019223e58330 JavaThread "C1 CompilerThread0"         daemon [_thread_blocked, id=8852, stack(0x0000002902700000,0x0000002902800000) (1024K)]
  0x000001922802e390 JavaThread "Notification Thread"        daemon [_thread_blocked, id=14488, stack(0x0000002902800000,0x0000002902900000) (1024K)]
  0x0000019228031a10 JavaThread "Common-Cleaner"             daemon [_thread_blocked, id=9844, stack(0x0000002902900000,0x0000002902a00000) (1024K)]
Total: 11

Other Threads:
  0x0000019223e33ee0 VMThread "VM Thread"                           [id=22880, stack(0x0000002901f00000,0x0000002902000000) (1024K)]
  0x0000019223e22a60 WatcherThread "VM Periodic Task Thread"        [id=24268, stack(0x0000002901e00000,0x0000002901f00000) (1024K)]
  0x00000192079e86a0 WorkerThread "GC Thread#0"                     [id=23844, stack(0x0000002901900000,0x0000002901a00000) (1024K)]
  0x00000192079fabb0 ConcurrentGCThread "G1 Main Marker"            [id=5332, stack(0x0000002901a00000,0x0000002901b00000) (1024K)]
  0x00000192079fd430 WorkerThread "G1 Conc#0"                       [id=2444, stack(0x0000002901b00000,0x0000002901c00000) (1024K)]
  0x0000019207a48f50 ConcurrentGCThread "G1 Refine#0"               [id=19896, stack(0x0000002901c00000,0x0000002901d00000) (1024K)]
  0x0000019207a49960 ConcurrentGCThread "G1 Service"                [id=12888, stack(0x0000002901d00000,0x0000002901e00000) (1024K)]
Total: 7

Threads with active compile tasks:
C2 CompilerThread0  3007 1173   !   4       sun.nio.cs.StreamDecoder::read (220 bytes)
Total: 1

VM state: not at safepoint (normal execution)

VM Mutex/Monitor currently owned by a thread: None

Heap address: 0x00000000a4200000, size: 1470 MB, Compressed Oops mode: 32-bit

CDS archive(s) mapped at: [0x000000002c000000-0x000000002cdd0000-0x000000002cdd0000), size 14483456, SharedBaseAddress: 0x000000002c000000, ArchiveRelocationMode: 1.
Compressed class space mapped at: 0x000000002d000000-0x000000006d000000, reserved size: 1073741824
UseCompressedClassPointers 1, UseCompactObjectHeaders 0
Narrow klass pointer bits 32, Max shift 3
Narrow klass base: 0x000000002c000000, Narrow klass shift: 0
Encoding Range: [0x000000002c000000 - 0x000000012c000000), (4294967296 bytes)
Klass Range:    [0x000000002c010000 - 0x000000006d000000), (1090453504 bytes)
Klass ID Range:  [65536 - 1090519033) (1090453497)
Protection zone: [0x000000002c000000 - 0x000000002c010000), (65536 bytes)

GC Precious Log:
 CardTable entry size: 512
 Card Set container configuration: InlinePtr #cards 5 size 8 Array Of Cards #cards 10 size 36 Howl #buckets 4 coarsen threshold 1843 Howl Bitmap #cards 512 size 80 coarsen threshold 460 Card regions per heap region 1 cards per card region 2048
 CPUs: 8 total, 8 available
 Memory: 5877M
 Large Page Support: Disabled
 NUMA Support: Disabled
 Compressed Oops: Enabled (32-bit)
 Heap Region Size: 1M
 Heap Min Capacity: 8M
 Heap Initial Capacity: 92M
 Heap Max Capacity: 1470M
 Pre-touch: Disabled
 Parallel Workers: 8
 Concurrent Workers: 2
 Concurrent Refinement Workers: 8
 Periodic GC: Disabled

Heap:
 garbage-first heap   total reserved 1505280K, committed 96256K, used 24723K [0x00000000a4200000, 0x0000000100000000)
  region size 1024K, 24 young (24576K), 0 survivors (0K)

Heap Regions: E=young(eden), S=young(survivor), O=old, HS=humongous(starts), HC=humongous(continues), CS=collection set, F=free, TAMS=top-at-mark-start, PB=parsable bottom
|   0|0x00000000a4200000, 0x00000000a4200000, 0x00000000a4300000|  0%| F|  |TAMS 0x00000000a4200000| PB 0x00000000a4200000| Untracked |  0
|   1|0x00000000a4300000, 0x00000000a4300000, 0x00000000a4400000|  0%| F|  |TAMS 0x00000000a4300000| PB 0x00000000a4300000| Untracked |  0
|   2|0x00000000a4400000, 0x00000000a4400000, 0x00000000a4500000|  0%| F|  |TAMS 0x00000000a4400000| PB 0x00000000a4400000| Untracked |  0
|   3|0x00000000a4500000, 0x00000000a4500000, 0x00000000a4600000|  0%| F|  |TAMS 0x00000000a4500000| PB 0x00000000a4500000| Untracked |  0
|   4|0x00000000a4600000, 0x00000000a4600000, 0x00000000a4700000|  0%| F|  |TAMS 0x00000000a4600000| PB 0x00000000a4600000| Untracked |  0
|   5|0x00000000a4700000, 0x00000000a4700000, 0x00000000a4800000|  0%| F|  |TAMS 0x00000000a4700000| PB 0x00000000a4700000| Untracked |  0
|   6|0x00000000a4800000, 0x00000000a4800000, 0x00000000a4900000|  0%| F|  |TAMS 0x00000000a4800000| PB 0x00000000a4800000| Untracked |  0
|   7|0x00000000a4900000, 0x00000000a4900000, 0x00000000a4a00000|  0%| F|  |TAMS 0x00000000a4900000| PB 0x00000000a4900000| Untracked |  0
|   8|0x00000000a4a00000, 0x00000000a4a00000, 0x00000000a4b00000|  0%| F|  |TAMS 0x00000000a4a00000| PB 0x00000000a4a00000| Untracked |  0
|   9|0x00000000a4b00000, 0x00000000a4b00000, 0x00000000a4c00000|  0%| F|  |TAMS 0x00000000a4b00000| PB 0x00000000a4b00000| Untracked |  0
|  10|0x00000000a4c00000, 0x00000000a4c00000, 0x00000000a4d00000|  0%| F|  |TAMS 0x00000000a4c00000| PB 0x00000000a4c00000| Untracked |  0
|  11|0x00000000a4d00000, 0x00000000a4d00000, 0x00000000a4e00000|  0%| F|  |TAMS 0x00000000a4d00000| PB 0x00000000a4d00000| Untracked |  0
|  12|0x00000000a4e00000, 0x00000000a4e00000, 0x00000000a4f00000|  0%| F|  |TAMS 0x00000000a4e00000| PB 0x00000000a4e00000| Untracked |  0
|  13|0x00000000a4f00000, 0x00000000a4f00000, 0x00000000a5000000|  0%| F|  |TAMS 0x00000000a4f00000| PB 0x00000000a4f00000| Untracked |  0
|  14|0x00000000a5000000, 0x00000000a5000000, 0x00000000a5100000|  0%| F|  |TAMS 0x00000000a5000000| PB 0x00000000a5000000| Untracked |  0
|  15|0x00000000a5100000, 0x00000000a5100000, 0x00000000a5200000|  0%| F|  |TAMS 0x00000000a5100000| PB 0x00000000a5100000| Untracked |  0
|  16|0x00000000a5200000, 0x00000000a5200000, 0x00000000a5300000|  0%| F|  |TAMS 0x00000000a5200000| PB 0x00000000a5200000| Untracked |  0
|  17|0x00000000a5300000, 0x00000000a5300000, 0x00000000a5400000|  0%| F|  |TAMS 0x00000000a5300000| PB 0x00000000a5300000| Untracked |  0
|  18|0x00000000a5400000, 0x00000000a5400000, 0x00000000a5500000|  0%| F|  |TAMS 0x00000000a5400000| PB 0x00000000a5400000| Untracked |  0
|  19|0x00000000a5500000, 0x00000000a5500000, 0x00000000a5600000|  0%| F|  |TAMS 0x00000000a5500000| PB 0x00000000a5500000| Untracked |  0
|  20|0x00000000a5600000, 0x00000000a5600000, 0x00000000a5700000|  0%| F|  |TAMS 0x00000000a5600000| PB 0x00000000a5600000| Untracked |  0
|  21|0x00000000a5700000, 0x00000000a5700000, 0x00000000a5800000|  0%| F|  |TAMS 0x00000000a5700000| PB 0x00000000a5700000| Untracked |  0
|  22|0x00000000a5800000, 0x00000000a5800000, 0x00000000a5900000|  0%| F|  |TAMS 0x00000000a5800000| PB 0x00000000a5800000| Untracked |  0
|  23|0x00000000a5900000, 0x00000000a5900000, 0x00000000a5a00000|  0%| F|  |TAMS 0x00000000a5900000| PB 0x00000000a5900000| Untracked |  0
|  24|0x00000000a5a00000, 0x00000000a5a00000, 0x00000000a5b00000|  0%| F|  |TAMS 0x00000000a5a00000| PB 0x00000000a5a00000| Untracked |  0
|  25|0x00000000a5b00000, 0x00000000a5b00000, 0x00000000a5c00000|  0%| F|  |TAMS 0x00000000a5b00000| PB 0x00000000a5b00000| Untracked |  0
|  26|0x00000000a5c00000, 0x00000000a5c00000, 0x00000000a5d00000|  0%| F|  |TAMS 0x00000000a5c00000| PB 0x00000000a5c00000| Untracked |  0
|  27|0x00000000a5d00000, 0x00000000a5d00000, 0x00000000a5e00000|  0%| F|  |TAMS 0x00000000a5d00000| PB 0x00000000a5d00000| Untracked |  0
|  28|0x00000000a5e00000, 0x00000000a5e00000, 0x00000000a5f00000|  0%| F|  |TAMS 0x00000000a5e00000| PB 0x00000000a5e00000| Untracked |  0
|  29|0x00000000a5f00000, 0x00000000a5f00000, 0x00000000a6000000|  0%| F|  |TAMS 0x00000000a5f00000| PB 0x00000000a5f00000| Untracked |  0
|  30|0x00000000a6000000, 0x00000000a6000000, 0x00000000a6100000|  0%| F|  |TAMS 0x00000000a6000000| PB 0x00000000a6000000| Untracked |  0
|  31|0x00000000a6100000, 0x00000000a6100000, 0x00000000a6200000|  0%| F|  |TAMS 0x00000000a6100000| PB 0x00000000a6100000| Untracked |  0
|  32|0x00000000a6200000, 0x00000000a6200000, 0x00000000a6300000|  0%| F|  |TAMS 0x00000000a6200000| PB 0x00000000a6200000| Untracked |  0
|  33|0x00000000a6300000, 0x00000000a6300000, 0x00000000a6400000|  0%| F|  |TAMS 0x00000000a6300000| PB 0x00000000a6300000| Untracked |  0
|  34|0x00000000a6400000, 0x00000000a6400000, 0x00000000a6500000|  0%| F|  |TAMS 0x00000000a6400000| PB 0x00000000a6400000| Untracked |  0
|  35|0x00000000a6500000, 0x00000000a6500000, 0x00000000a6600000|  0%| F|  |TAMS 0x00000000a6500000| PB 0x00000000a6500000| Untracked |  0
|  36|0x00000000a6600000, 0x00000000a6600000, 0x00000000a6700000|  0%| F|  |TAMS 0x00000000a6600000| PB 0x00000000a6600000| Untracked |  0
|  37|0x00000000a6700000, 0x00000000a6700000, 0x00000000a6800000|  0%| F|  |TAMS 0x00000000a6700000| PB 0x00000000a6700000| Untracked |  0
|  38|0x00000000a6800000, 0x00000000a6800000, 0x00000000a6900000|  0%| F|  |TAMS 0x00000000a6800000| PB 0x00000000a6800000| Untracked |  0
|  39|0x00000000a6900000, 0x00000000a6900000, 0x00000000a6a00000|  0%| F|  |TAMS 0x00000000a6900000| PB 0x00000000a6900000| Untracked |  0
|  40|0x00000000a6a00000, 0x00000000a6a00000, 0x00000000a6b00000|  0%| F|  |TAMS 0x00000000a6a00000| PB 0x00000000a6a00000| Untracked |  0
|  41|0x00000000a6b00000, 0x00000000a6b00000, 0x00000000a6c00000|  0%| F|  |TAMS 0x00000000a6b00000| PB 0x00000000a6b00000| Untracked |  0
|  42|0x00000000a6c00000, 0x00000000a6c00000, 0x00000000a6d00000|  0%| F|  |TAMS 0x00000000a6c00000| PB 0x00000000a6c00000| Untracked |  0
|  43|0x00000000a6d00000, 0x00000000a6d00000, 0x00000000a6e00000|  0%| F|  |TAMS 0x00000000a6d00000| PB 0x00000000a6d00000| Untracked |  0
|  44|0x00000000a6e00000, 0x00000000a6e00000, 0x00000000a6f00000|  0%| F|  |TAMS 0x00000000a6e00000| PB 0x00000000a6e00000| Untracked |  0
|  45|0x00000000a6f00000, 0x00000000a6f00000, 0x00000000a7000000|  0%| F|  |TAMS 0x00000000a6f00000| PB 0x00000000a6f00000| Untracked |  0
|  46|0x00000000a7000000, 0x00000000a7000000, 0x00000000a7100000|  0%| F|  |TAMS 0x00000000a7000000| PB 0x00000000a7000000| Untracked |  0
|  47|0x00000000a7100000, 0x00000000a7100000, 0x00000000a7200000|  0%| F|  |TAMS 0x00000000a7100000| PB 0x00000000a7100000| Untracked |  0
|  48|0x00000000a7200000, 0x00000000a7200000, 0x00000000a7300000|  0%| F|  |TAMS 0x00000000a7200000| PB 0x00000000a7200000| Untracked |  0
|  49|0x00000000a7300000, 0x00000000a7300000, 0x00000000a7400000|  0%| F|  |TAMS 0x00000000a7300000| PB 0x00000000a7300000| Untracked |  0
|  50|0x00000000a7400000, 0x00000000a7400000, 0x00000000a7500000|  0%| F|  |TAMS 0x00000000a7400000| PB 0x00000000a7400000| Untracked |  0
|  51|0x00000000a7500000, 0x00000000a7500000, 0x00000000a7600000|  0%| F|  |TAMS 0x00000000a7500000| PB 0x00000000a7500000| Untracked |  0
|  52|0x00000000a7600000, 0x00000000a7600000, 0x00000000a7700000|  0%| F|  |TAMS 0x00000000a7600000| PB 0x00000000a7600000| Untracked |  0
|  53|0x00000000a7700000, 0x00000000a7700000, 0x00000000a7800000|  0%| F|  |TAMS 0x00000000a7700000| PB 0x00000000a7700000| Untracked |  0
|  54|0x00000000a7800000, 0x00000000a7800000, 0x00000000a7900000|  0%| F|  |TAMS 0x00000000a7800000| PB 0x00000000a7800000| Untracked |  0
|  55|0x00000000a7900000, 0x00000000a7900000, 0x00000000a7a00000|  0%| F|  |TAMS 0x00000000a7900000| PB 0x00000000a7900000| Untracked |  0
|  56|0x00000000a7a00000, 0x00000000a7a00000, 0x00000000a7b00000|  0%| F|  |TAMS 0x00000000a7a00000| PB 0x00000000a7a00000| Untracked |  0
|  57|0x00000000a7b00000, 0x00000000a7b00000, 0x00000000a7c00000|  0%| F|  |TAMS 0x00000000a7b00000| PB 0x00000000a7b00000| Untracked |  0
|  58|0x00000000a7c00000, 0x00000000a7c00000, 0x00000000a7d00000|  0%| F|  |TAMS 0x00000000a7c00000| PB 0x00000000a7c00000| Untracked |  0
|  59|0x00000000a7d00000, 0x00000000a7d00000, 0x00000000a7e00000|  0%| F|  |TAMS 0x00000000a7d00000| PB 0x00000000a7d00000| Untracked |  0
|  60|0x00000000a7e00000, 0x00000000a7e00000, 0x00000000a7f00000|  0%| F|  |TAMS 0x00000000a7e00000| PB 0x00000000a7e00000| Untracked |  0
|  61|0x00000000a7f00000, 0x00000000a7f00000, 0x00000000a8000000|  0%| F|  |TAMS 0x00000000a7f00000| PB 0x00000000a7f00000| Untracked |  0
|  62|0x00000000a8000000, 0x00000000a8000000, 0x00000000a8100000|  0%| F|  |TAMS 0x00000000a8000000| PB 0x00000000a8000000| Untracked |  0
|  63|0x00000000a8100000, 0x00000000a8100000, 0x00000000a8200000|  0%| F|  |TAMS 0x00000000a8100000| PB 0x00000000a8100000| Untracked |  0
|  64|0x00000000a8200000, 0x00000000a8200000, 0x00000000a8300000|  0%| F|  |TAMS 0x00000000a8200000| PB 0x00000000a8200000| Untracked |  0
|  65|0x00000000a8300000, 0x00000000a8300000, 0x00000000a8400000|  0%| F|  |TAMS 0x00000000a8300000| PB 0x00000000a8300000| Untracked |  0
|  66|0x00000000a8400000, 0x00000000a8400000, 0x00000000a8500000|  0%| F|  |TAMS 0x00000000a8400000| PB 0x00000000a8400000| Untracked |  0
|  67|0x00000000a8500000, 0x00000000a8580000, 0x00000000a8600000| 50%| E|  |TAMS 0x00000000a8500000| PB 0x00000000a8500000| Complete |  0
|  68|0x00000000a8600000, 0x00000000a8700000, 0x00000000a8700000|100%| E|CS|TAMS 0x00000000a8600000| PB 0x00000000a8600000| Complete |  0
|  69|0x00000000a8700000, 0x00000000a8800000, 0x00000000a8800000|100%| E|CS|TAMS 0x00000000a8700000| PB 0x00000000a8700000| Complete |  0
|  70|0x00000000a8800000, 0x00000000a8900000, 0x00000000a8900000|100%| E|CS|TAMS 0x00000000a8800000| PB 0x00000000a8800000| Complete |  0
|  71|0x00000000a8900000, 0x00000000a8a00000, 0x00000000a8a00000|100%| E|CS|TAMS 0x00000000a8900000| PB 0x00000000a8900000| Complete |  0
|  72|0x00000000a8a00000, 0x00000000a8b00000, 0x00000000a8b00000|100%| E|CS|TAMS 0x00000000a8a00000| PB 0x00000000a8a00000| Complete |  0
|  73|0x00000000a8b00000, 0x00000000a8c00000, 0x00000000a8c00000|100%| E|CS|TAMS 0x00000000a8b00000| PB 0x00000000a8b00000| Complete |  0
|  74|0x00000000a8c00000, 0x00000000a8d00000, 0x00000000a8d00000|100%| E|CS|TAMS 0x00000000a8c00000| PB 0x00000000a8c00000| Complete |  0
|  75|0x00000000a8d00000, 0x00000000a8e00000, 0x00000000a8e00000|100%| E|CS|TAMS 0x00000000a8d00000| PB 0x00000000a8d00000| Complete |  0
|  76|0x00000000a8e00000, 0x00000000a8f00000, 0x00000000a8f00000|100%| E|CS|TAMS 0x00000000a8e00000| PB 0x00000000a8e00000| Complete |  0
|  77|0x00000000a8f00000, 0x00000000a9000000, 0x00000000a9000000|100%| E|CS|TAMS 0x00000000a8f00000| PB 0x00000000a8f00000| Complete |  0
|  78|0x00000000a9000000, 0x00000000a9100000, 0x00000000a9100000|100%| E|CS|TAMS 0x00000000a9000000| PB 0x00000000a9000000| Complete |  0
|  79|0x00000000a9100000, 0x00000000a9200000, 0x00000000a9200000|100%| E|CS|TAMS 0x00000000a9100000| PB 0x00000000a9100000| Complete |  0
|  80|0x00000000a9200000, 0x00000000a9300000, 0x00000000a9300000|100%| E|CS|TAMS 0x00000000a9200000| PB 0x00000000a9200000| Complete |  0
|  81|0x00000000a9300000, 0x00000000a9400000, 0x00000000a9400000|100%| E|CS|TAMS 0x00000000a9300000| PB 0x00000000a9300000| Complete |  0
|  82|0x00000000a9400000, 0x00000000a9500000, 0x00000000a9500000|100%| E|CS|TAMS 0x00000000a9400000| PB 0x00000000a9400000| Complete |  0
|  83|0x00000000a9500000, 0x00000000a9600000, 0x00000000a9600000|100%| E|CS|TAMS 0x00000000a9500000| PB 0x00000000a9500000| Complete |  0
|  84|0x00000000a9600000, 0x00000000a9700000, 0x00000000a9700000|100%| E|CS|TAMS 0x00000000a9600000| PB 0x00000000a9600000| Complete |  0
|  85|0x00000000a9700000, 0x00000000a9800000, 0x00000000a9800000|100%| E|CS|TAMS 0x00000000a9700000| PB 0x00000000a9700000| Complete |  0
|  86|0x00000000a9800000, 0x00000000a9900000, 0x00000000a9900000|100%| E|CS|TAMS 0x00000000a9800000| PB 0x00000000a9800000| Complete |  0
|  87|0x00000000a9900000, 0x00000000a9a00000, 0x00000000a9a00000|100%| E|CS|TAMS 0x00000000a9900000| PB 0x00000000a9900000| Complete |  0
|  88|0x00000000a9a00000, 0x00000000a9b00000, 0x00000000a9b00000|100%| E|CS|TAMS 0x00000000a9a00000| PB 0x00000000a9a00000| Complete |  0
|  89|0x00000000a9b00000, 0x00000000a9c00000, 0x00000000a9c00000|100%| E|CS|TAMS 0x00000000a9b00000| PB 0x00000000a9b00000| Complete |  0
|  90|0x00000000a9c00000, 0x00000000a9d00000, 0x00000000a9d00000|100%| E|CS|TAMS 0x00000000a9c00000| PB 0x00000000a9c00000| Complete |  0
|  91|0x00000000a9d00000, 0x00000000a9e00000, 0x00000000a9e00000|100%| E|CS|TAMS 0x00000000a9d00000| PB 0x00000000a9d00000| Complete |  0
|1468|0x00000000ffe00000, 0x00000000fff00000, 0x00000000fff00000|100%| O|  |TAMS 0x00000000ffe00000| PB 0x00000000ffe00000| Untracked |  0
|1469|0x00000000fff00000, 0x00000000fff24ea8, 0x0000000100000000| 14%| O|  |TAMS 0x00000000fff00000| PB 0x00000000fff00000| Untracked |  0

Card table byte_map: [0x000001921faa0000,0x000001921fd80000] _byte_map_base: 0x000001921f57f000

Marking Bits: (CMBitMap*) 0x00000192079e8e30
 Bits: [0x000001921fd80000, 0x0000019221478000)

Polling page: 0x00000192059a0000

Metaspace:
Metaspace        used 5627K, committed 5760K, reserved 1114112K
 class space     used 682K, committed 768K, reserved 1048576K

Usage:
  Non-class:      4.83 MB used.
      Class:    682.86 KB used.
       Both:      5.50 MB used.

Virtual space:
  Non-class space:       64.00 MB reserved,       4.88 MB (  8%) committed,  1 nodes.
      Class space:        1.00 GB reserved,     768.00 KB ( <1%) committed,  1 nodes.
             Both:        1.06 GB reserved,       5.62 MB ( <1%) committed. 

Chunk freelists:
   Non-Class:  9.12 MB
       Class:  15.25 MB
        Both:  24.38 MB

MaxMetaspaceSize: unlimited
CompressedClassSpaceSize: 1.00 GB
Initial GC threshold: 21.00 MB
Current GC threshold: 21.00 MB
CDS: on
 - commit_granule_bytes: 65536.
 - commit_granule_words: 8192.
 - virtual_space_node_default_size: 8388608.
 - enlarge_chunks_in_place: 1.
UseCompressedClassPointers 1, UseCompactObjectHeaders 0
Narrow klass pointer bits 32, Max shift 3
Narrow klass base: 0x000000002c000000, Narrow klass shift: 0
Encoding Range: [0x000000002c000000 - 0x000000012c000000), (4294967296 bytes)
Klass Range:    [0x000000002c010000 - 0x000000006d000000), (1090453504 bytes)
Klass ID Range:  [65536 - 1090519033) (1090453497)
Protection zone: [0x000000002c000000 - 0x000000002c010000), (65536 bytes)


Internal statistics:

num_allocs_failed_limit: 0.
num_arena_births: 54.
num_arena_deaths: 0.
num_vsnodes_births: 2.
num_vsnodes_deaths: 0.
num_space_committed: 90.
num_space_uncommitted: 0.
num_chunks_returned_to_freelist: 0.
num_chunks_taken_from_freelist: 233.
num_chunk_merges: 0.
num_chunk_splits: 138.
num_chunks_enlarged: 113.
num_inconsistent_stats: 0.

CodeHeap 'non-profiled nmethods': size=120064Kb used=287Kb max_used=287Kb free=119777Kb
 bounds [0x0000019217f50000, 0x00000192181c0000, 0x000001921f490000]
CodeHeap 'profiled nmethods': size=120000Kb used=1813Kb max_used=1813Kb free=118186Kb
 bounds [0x0000019210490000, 0x0000019210700000, 0x00000192179c0000]
CodeHeap 'non-nmethods': size=5696Kb used=1348Kb max_used=1372Kb free=4347Kb
 bounds [0x00000192179c0000, 0x0000019217c30000, 0x0000019217f50000]
CodeCache: size=245760Kb, used=3448Kb, max_used=3472Kb, free=242310Kb
 total_blobs=1672, nmethods=1200, adapters=375, full_count=0
Compilation: enabled, stopped_count=0, restarted_count=0

Compilation events (20 events):
Event: 1.914 Thread 0x0000019223e58330 nmethod 1182 0x0000019210642688 code [0x0000019210642780, 0x0000019210642ab8]
Event: 1.914 Thread 0x0000019223e58330 1184       3       org.codehaus.plexus.util.xml.pull.MXParser::getText (125 bytes)
Event: 1.914 Thread 0x0000019223e58330 nmethod 1184 0x0000019210642b08 code [0x0000019210642c00, 0x00000192106430d0]
Event: 1.914 Thread 0x0000019223e58330 1186       3       org.codehaus.plexus.util.xml.pull.MXParser::parseEndTag (438 bytes)
Event: 1.917 Thread 0x0000019223e58330 nmethod 1186 0x0000019210643108 code [0x0000019210643200, 0x00000192106464c8]
Event: 1.917 Thread 0x0000019223e58330 1185       3       org.codehaus.plexus.util.xml.pull.MXParser::isNameStartChar (56 bytes)
Event: 1.917 Thread 0x0000019223e58330 nmethod 1185 0x0000019210646588 code [0x0000019210646680, 0x00000192106468e0]
Event: 1.918 Thread 0x0000019223e58330 1187       3       org.codehaus.plexus.util.xml.pull.MXParser::parseStartTag (1205 bytes)
Event: 1.926 Thread 0x0000019223e58330 nmethod 1187 0x0000019210646908 code [0x0000019210646a00, 0x000001921064d700]
Event: 1.927 Thread 0x0000019223e58330 1188       3       org.codehaus.plexus.util.xml.pull.MXParser::newString (11 bytes)
Event: 1.928 Thread 0x0000019223e58330 nmethod 1188 0x000001921064d788 code [0x000001921064d880, 0x000001921064da28]
Event: 1.928 Thread 0x0000019223e58330 1189       1       org.codehaus.plexus.util.xml.pull.MXParser::getEventType (5 bytes)
Event: 1.928 Thread 0x0000019223e58330 nmethod 1189 0x0000019217f97308 code [0x0000019217f97400, 0x0000019217f974c8]
Event: 1.928 Thread 0x0000019223e58330 1190       3       org.codehaus.plexus.util.xml.pull.MXParser::getName (84 bytes)
Event: 1.928 Thread 0x0000019223e58330 nmethod 1190 0x000001921064da88 code [0x000001921064db80, 0x000001921064ded8]
Event: 1.937 Thread 0x0000019223e58330 1193       3       org.codehaus.plexus.util.xml.pull.MXParser::isWhitespace (115 bytes)
Event: 1.938 Thread 0x0000019223e58330 nmethod 1193 0x000001921064df08 code [0x000001921064e000, 0x000001921064e788]
Event: 1.939 Thread 0x0000019223e58330 1194       3       org.codehaus.plexus.util.xml.pull.MXParser::nextTag (83 bytes)
Event: 1.940 Thread 0x0000019223e58330 nmethod 1194 0x000001921064e808 code [0x000001921064e900, 0x000001921064f430]
Event: 1.941 Thread 0x0000019223e58330 1195       3       org.codehaus.plexus.util.xml.pull.MXParser::ensureElementsCapacity (265 bytes)

GC Heap Usage History (0 events):
No events

Metaspace Usage History (0 events):
No events

Dll operation events (7 events):
Event: 0.030 Loaded shared library C:\Program Files\Apache NetBeans\jdk\bin\java.dll
Event: 0.148 Loaded shared library C:\Program Files\Apache NetBeans\jdk\bin\net.dll
Event: 0.156 Loaded shared library C:\Program Files\Apache NetBeans\jdk\bin\nio.dll
Event: 0.172 Loaded shared library C:\Program Files\Apache NetBeans\jdk\bin\zip.dll
Event: 0.660 Loaded shared library C:\Program Files\Apache NetBeans\jdk\bin\jimage.dll
Event: 0.665 Loaded shared library C:\Program Files\Apache NetBeans\java\maven\lib\jansi-native\Windows\x86_64\jansi.dll
Event: 0.696 Loaded shared library C:\Program Files\Apache NetBeans\jdk\bin\verify.dll

Deoptimization events (20 events):
Event: 1.113 Thread 0x00000192079a5290 Uncommon trap: trap_request=0xffffff45 fr.pc=0x0000019217f5b224 relative=0x00000000000001a4
Event: 1.113 Thread 0x00000192079a5290 Uncommon trap: reason=unstable_if action=reinterpret pc=0x0000019217f5b224 method=java.lang.AbstractStringBuilder.needsNewBuffer([BBIB)Z @ 8 c2
Event: 1.113 Thread 0x00000192079a5290 DEOPT PACKING pc=0x0000019217f5b224 sp=0x00000029018fe660
Event: 1.113 Thread 0x00000192079a5290 DEOPT UNPACKING pc=0x0000019217adf582 sp=0x00000029018fe508 mode 2
Event: 1.117 Thread 0x00000192079a5290 Uncommon trap: trap_request=0xffffff45 fr.pc=0x0000019217f594e4 relative=0x0000000000000064
Event: 1.117 Thread 0x00000192079a5290 Uncommon trap: reason=unstable_if action=reinterpret pc=0x0000019217f594e4 method=java.lang.AbstractStringBuilder.needsNewBuffer([BBIB)Z @ 8 c2
Event: 1.117 Thread 0x00000192079a5290 DEOPT PACKING pc=0x0000019217f594e4 sp=0x00000029018fe590
Event: 1.117 Thread 0x00000192079a5290 DEOPT UNPACKING pc=0x0000019217adf582 sp=0x00000029018fe4f8 mode 2
Event: 1.829 Thread 0x00000192079a5290 Uncommon trap: trap_request=0xffffffc6 fr.pc=0x0000019217f8652c relative=0x00000000000003ac
Event: 1.829 Thread 0x00000192079a5290 Uncommon trap: reason=bimorphic_or_optimized_type_check action=maybe_recompile pc=0x0000019217f8652c method=java.util.concurrent.ConcurrentHashMap.get(Ljava/lang/Object;)Ljava/lang/Object; @ 149 c2
Event: 1.829 Thread 0x00000192079a5290 DEOPT PACKING pc=0x0000019217f8652c sp=0x00000029018fdaa0
Event: 1.829 Thread 0x00000192079a5290 DEOPT UNPACKING pc=0x0000019217adf582 sp=0x00000029018fda20 mode 2
Event: 1.870 Thread 0x00000192079a5290 Uncommon trap: trap_request=0xffffff6e fr.pc=0x0000019217f7f41c relative=0x000000000000031c
Event: 1.870 Thread 0x00000192079a5290 Uncommon trap: reason=predicate action=maybe_recompile pc=0x0000019217f7f41c method=java.util.regex.Pattern$BmpCharPropertyGreedy.match(Ljava/util/regex/Matcher;ILjava/lang/CharSequence;)Z @ 12 c2
Event: 1.870 Thread 0x00000192079a5290 DEOPT PACKING pc=0x0000019217f7f41c sp=0x00000029018fe190
Event: 1.870 Thread 0x00000192079a5290 DEOPT UNPACKING pc=0x0000019217adf582 sp=0x00000029018fe148 mode 2
Event: 1.871 Thread 0x00000192079a5290 Uncommon trap: trap_request=0xffffff45 fr.pc=0x0000019217f7862c relative=0x00000000000000ac
Event: 1.871 Thread 0x00000192079a5290 Uncommon trap: reason=unstable_if action=reinterpret pc=0x0000019217f7862c method=org.codehaus.plexus.util.xml.pull.MXParser.more()C @ 8 c2
Event: 1.871 Thread 0x00000192079a5290 DEOPT PACKING pc=0x0000019217f7862c sp=0x00000029018fe550
Event: 1.871 Thread 0x00000192079a5290 DEOPT UNPACKING pc=0x0000019217adf582 sp=0x00000029018fe4e0 mode 2

Classes loaded (20 events):
Event: 1.744 Loading class java/lang/annotation/ElementType
Event: 1.744 Loading class java/lang/annotation/ElementType done
Event: 1.744 Loading class java/lang/annotation/Documented
Event: 1.744 Loading class java/lang/annotation/Documented done
Event: 1.783 Loading class java/util/concurrent/TimeoutException
Event: 1.783 Loading class java/util/concurrent/TimeoutException done
Event: 1.784 Loading class java/util/concurrent/CancellationException
Event: 1.784 Loading class java/util/concurrent/CancellationException done
Event: 1.804 Loading class java/lang/reflect/ParameterizedType
Event: 1.804 Loading class java/lang/reflect/ParameterizedType done
Event: 1.812 Loading class java/lang/reflect/WildcardType
Event: 1.813 Loading class java/lang/reflect/WildcardType done
Event: 1.820 Loading class sun/reflect/generics/tree/TypeVariableSignature
Event: 1.821 Loading class sun/reflect/generics/tree/TypeVariableSignature done
Event: 1.855 Loading class java/lang/annotation/IncompleteAnnotationException
Event: 1.855 Loading class java/lang/annotation/IncompleteAnnotationException done
Event: 1.861 Loading class jdk/internal/foreign/MemorySessionImpl
Event: 1.862 Loading class java/lang/foreign/MemorySegment$Scope
Event: 1.862 Loading class java/lang/foreign/MemorySegment$Scope done
Event: 1.862 Loading class jdk/internal/foreign/MemorySessionImpl done

Classes unloaded (0 events):
No events

Classes redefined (0 events):
No events

Internal exceptions (20 events):
Event: 0.675 Thread 0x00000192079a5290 Exception <a 'java/lang/NullPointerException'{0x00000000a99c2fa0}> (0x00000000a99c2fa0) 
thrown [s\src\hotspot\share\interpreter\linkResolver.cpp, line 1416]
Event: 0.675 Thread 0x00000192079a5290 Exception <a 'java/lang/NullPointerException'{0x00000000a99c3280}> (0x00000000a99c3280) 
thrown [s\src\hotspot\share\interpreter\linkResolver.cpp, line 1416]
Event: 0.688 Thread 0x00000192079a5290 Exception <a 'sun/nio/fs/WindowsException'{0x00000000a99e45d0}> (0x00000000a99e45d0) 
thrown [s\src\hotspot\share\prims\jni.cpp, line 516]
Event: 0.689 Thread 0x00000192079a5290 Exception <a 'sun/nio/fs/WindowsException'{0x00000000a99e4bd8}> (0x00000000a99e4bd8) 
thrown [s\src\hotspot\share\prims\jni.cpp, line 516]
Event: 0.690 Thread 0x00000192079a5290 Exception <a 'sun/nio/fs/WindowsException'{0x00000000a99e5118}> (0x00000000a99e5118) 
thrown [s\src\hotspot\share\prims\jni.cpp, line 516]
Event: 0.691 Thread 0x00000192079a5290 Exception <a 'sun/nio/fs/WindowsException'{0x00000000a99e5608}> (0x00000000a99e5608) 
thrown [s\src\hotspot\share\prims\jni.cpp, line 516]
Event: 0.692 Thread 0x00000192079a5290 Exception <a 'sun/nio/fs/WindowsException'{0x00000000a99e5ab0}> (0x00000000a99e5ab0) 
thrown [s\src\hotspot\share\prims\jni.cpp, line 516]
Event: 0.718 Thread 0x00000192079a5290 Exception <a 'java/lang/NoSuchMethodError'{0x00000000a989eba0}: 'void java.lang.invoke.DirectMethodHandle$Holder.invokeVirtual(java.lang.Object, java.lang.Object)'> (0x00000000a989eba0) 
thrown [s\src\hotspot\share\interpreter\linkResolver.cpp, line 804]
Event: 0.723 Thread 0x00000192079a5290 Exception <a 'java/lang/NoSuchMethodError'{0x00000000a98bfea8}: 'void java.lang.invoke.DirectMethodHandle$Holder.invokeStatic(java.lang.Object, java.lang.Object)'> (0x00000000a98bfea8) 
thrown [s\src\hotspot\share\interpreter\linkResolver.cpp, line 804]
Event: 0.724 Thread 0x00000192079a5290 Exception <a 'java/lang/NoSuchMethodError'{0x00000000a98c7c50}: 'void java.lang.invoke.DirectMethodHandle$Holder.invokeStaticInit(java.lang.Object, java.lang.Object)'> (0x00000000a98c7c50) 
thrown [s\src\hotspot\share\interpreter\linkResolver.cpp, line 804]
Event: 0.742 Thread 0x00000192079a5290 Exception <a 'java/lang/NoSuchMethodError'{0x00000000a98fa490}: 'void java.lang.invoke.DirectMethodHandle$Holder.invokeSpecial(java.lang.Object, java.lang.Object, java.lang.Object, java.lang.Object, java.lang.Object)'> (0x00000000a98fa490) 
thrown [s\src\hotspot\share\interpreter\linkResolver.cpp, line 804]
Event: 0.770 Thread 0x00000192079a5290 Exception <a 'java/lang/NoSuchMethodError'{0x00000000a9736158}: 'void java.lang.invoke.DirectMethodHandle$Holder.invokeStatic(java.lang.Object, java.lang.Object, java.lang.Object)'> (0x00000000a9736158) 
thrown [s\src\hotspot\share\interpreter\linkResolver.cpp, line 804]
Event: 0.972 Thread 0x00000192079a5290 Exception <a 'java/lang/NoSuchMethodError'{0x00000000a96b0e20}: 'java.lang.Object java.lang.invoke.DirectMethodHandle$Holder.invokeSpecialIFC(java.lang.Object, java.lang.Object, java.lang.Object, java.lang.Object)'> (0x00000000a96b0e20) 
thrown [s\src\hotspot\share\interpreter\linkResolver.cpp, line 804]
Event: 1.428 Thread 0x00000192079a5290 Exception <a 'java/lang/NoSuchMethodError'{0x00000000a919ec80}: 'void java.lang.invoke.DirectMethodHandle$Holder.invokeSpecial(java.lang.Object, java.lang.Object, java.lang.Object)'> (0x00000000a919ec80) 
thrown [s\src\hotspot\share\interpreter\linkResolver.cpp, line 804]
Event: 1.518 Thread 0x00000192079a5290 Exception <a 'java/lang/NoSuchMethodError'{0x00000000a90ba788}: 'java.lang.Object java.lang.invoke.DirectMethodHandle$Holder.invokeInterface(java.lang.Object, java.lang.Object)'> (0x00000000a90ba788) 
thrown [s\src\hotspot\share\interpreter\linkResolver.cpp, line 804]
Event: 1.559 Thread 0x00000192079a5290 Exception <a 'java/lang/NoSuchMethodError'{0x00000000a8f64a98}: 'int java.lang.invoke.DirectMethodHandle$Holder.invokeStatic(java.lang.Object, java.lang.Object, java.lang.Object, java.lang.Object)'> (0x00000000a8f64a98) 
thrown [s\src\hotspot\share\interpreter\linkResolver.cpp, line 804]
Event: 1.577 Thread 0x00000192079a5290 Exception <a 'java/lang/NoSuchMethodError'{0x00000000a8f8f568}: 'int java.lang.invoke.DirectMethodHandle$Holder.invokeSpecialIFC(java.lang.Object, java.lang.Object, java.lang.Object, java.lang.Object, java.lang.Object)'> (0x00000000a8f8f568) 
thrown [s\src\hotspot\share\interpreter\linkResolver.cpp, line 804]
Event: 1.746 Thread 0x00000192079a5290 Exception <a 'java/lang/NoSuchMethodError'{0x00000000a8d5c028}: 'java.lang.Object java.lang.invoke.DirectMethodHandle$Holder.newInvokeSpecial(java.lang.Object, java.lang.Object, java.lang.Object, java.lang.Object, java.lang.Object)'> (0x00000000a8d5c028) 
thrown [s\src\hotspot\share\interpreter\linkResolver.cpp, line 804]
Event: 1.838 Thread 0x00000192079a5290 Exception <a 'java/lang/NoSuchMethodError'{0x00000000a8c75648}: 'int java.lang.invoke.DirectMethodHandle$Holder.invokeStaticInit(java.lang.Object, java.lang.Object)'> (0x00000000a8c75648) 
thrown [s\src\hotspot\share\interpreter\linkResolver.cpp, line 804]
Event: 1.856 Thread 0x00000192079a5290 Exception <a 'java/lang/NoClassDefFoundError'{0x00000000a8cb0c50}: javax/enterprise/inject/Typed> (0x00000000a8cb0c50) 
thrown [s\src\hotspot\share\classfile\systemDictionary.cpp, line 316]

VM Operations (4 events):
Event: 0.631 Executing non-safepoint VM operation: HandshakeAllThreads (Deoptimize)
Event: 0.631 Executing non-safepoint VM operation: HandshakeAllThreads (Deoptimize) done
Event: 0.669 Executing non-safepoint VM operation: HandshakeAllThreads (Deoptimize)
Event: 0.670 Executing non-safepoint VM operation: HandshakeAllThreads (Deoptimize) done

Memory protections (0 events):
No events

Nmethod flushes (0 events):
No events

Events (13 events):
Event: 0.089 Thread 0x00000192079a5290 Thread added: 0x00000192079a5290
Event: 0.118 Thread 0x00000192079a5290 Thread added: 0x0000019223e44530
Event: 0.118 Thread 0x00000192079a5290 Thread added: 0x0000019223e46320
Event: 0.119 Thread 0x00000192079a5290 Thread added: 0x0000019223e49060
Event: 0.119 Thread 0x00000192079a5290 Thread added: 0x0000019223e4b450
Event: 0.119 Thread 0x00000192079a5290 Thread added: 0x0000019223e4ef90
Event: 0.119 Thread 0x00000192079a5290 Thread added: 0x0000019223e506c0
Event: 0.120 Thread 0x00000192079a5290 Thread added: 0x0000019223e52660
Event: 0.120 Thread 0x00000192079a5290 Thread added: 0x0000019223e58330
Event: 0.128 Thread 0x00000192079a5290 Thread added: 0x000001922802e390
Event: 0.137 Thread 0x00000192079a5290 Thread added: 0x0000019228031a10
Event: 0.652 Thread 0x00000192079a5290 Thread added: 0x00000192285e10b0
Event: 0.683 Thread 0x00000192285e10b0 Thread exited: 0x00000192285e10b0


Dynamic libraries:
0x00007ff6e1680000 - 0x00007ff6e168e000 	C:\Program Files\Apache NetBeans\jdk\bin\java.exe
0x00007ffb53da0000 - 0x00007ffb54007000 	C:\WINDOWS\SYSTEM32\ntdll.dll
0x00007ffb52030000 - 0x00007ffb520f9000 	C:\WINDOWS\System32\KERNEL32.DLL
0x00007ffb51250000 - 0x00007ffb51647000 	C:\WINDOWS\System32\KERNELBASE.dll
0x00007ffb507d0000 - 0x00007ffb5091b000 	C:\WINDOWS\System32\ucrtbase.dll
0x00007ffb40fa0000 - 0x00007ffb40fb6000 	C:\Program Files\Apache NetBeans\jdk\bin\jli.dll
0x00007ffb44cc0000 - 0x00007ffb44cde000 	C:\Program Files\Apache NetBeans\jdk\bin\VCRUNTIME140.dll
0x00007ffb51de0000 - 0x00007ffb51fa6000 	C:\WINDOWS\System32\USER32.dll
0x00007ffb3a3b0000 - 0x00007ffb3a642000 	C:\WINDOWS\WinSxS\amd64_microsoft.windows.common-controls_6595b64144ccf1df_6.0.26100.8457_none_3e0b2faee331e92d\COMCTL32.dll
0x00007ffb51650000 - 0x00007ffb51677000 	C:\WINDOWS\System32\win32u.dll
0x00007ffb52100000 - 0x00007ffb5212b000 	C:\WINDOWS\System32\GDI32.dll
0x00007ffb51b20000 - 0x00007ffb51bc9000 	C:\WINDOWS\System32\msvcrt.dll
0x00007ffb51940000 - 0x00007ffb51a6c000 	C:\WINDOWS\System32\gdi32full.dll
0x00007ffb51a70000 - 0x00007ffb51b13000 	C:\WINDOWS\System32\msvcp_win.dll
0x00007ffb53300000 - 0x00007ffb53332000 	C:\WINDOWS\System32\IMM32.DLL
0x00007ffb4bb10000 - 0x00007ffb4bb1c000 	C:\Program Files\Apache NetBeans\jdk\bin\vcruntime140_1.dll
0x00007ffb275d0000 - 0x00007ffb2765d000 	C:\Program Files\Apache NetBeans\jdk\bin\msvcp140.dll
0x00007ffaed550000 - 0x00007ffaee476000 	C:\Program Files\Apache NetBeans\jdk\bin\server\jvm.dll
0x00007ffb53c90000 - 0x00007ffb53d46000 	C:\WINDOWS\System32\ADVAPI32.dll
0x00007ffb51bd0000 - 0x00007ffb51c77000 	C:\WINDOWS\System32\sechost.dll
0x00007ffb523f0000 - 0x00007ffb52508000 	C:\WINDOWS\System32\RPCRT4.dll
0x00007ffb52590000 - 0x00007ffb52610000 	C:\WINDOWS\System32\WS2_32.dll
0x00007ffb46750000 - 0x00007ffb4675b000 	C:\WINDOWS\SYSTEM32\VERSION.dll
0x00007ffb46ee0000 - 0x00007ffb46f16000 	C:\WINDOWS\SYSTEM32\WINMM.dll
0x00007ffb50630000 - 0x00007ffb5068e000 	C:\WINDOWS\SYSTEM32\POWRPROF.dll
0x00007ffb50610000 - 0x00007ffb50624000 	C:\WINDOWS\SYSTEM32\UMPDC.dll
0x00007ffb4f4c0000 - 0x00007ffb4f4db000 	C:\WINDOWS\SYSTEM32\kernel.appcore.dll
0x00007ffb4ba30000 - 0x00007ffb4ba3a000 	C:\Program Files\Apache NetBeans\jdk\bin\jimage.dll
0x00007ffb4e730000 - 0x00007ffb4e972000 	C:\WINDOWS\SYSTEM32\DBGHELP.DLL
0x00007ffb52670000 - 0x00007ffb529f3000 	C:\WINDOWS\System32\combase.dll
0x00007ffb52d10000 - 0x00007ffb52de9000 	C:\WINDOWS\System32\OLEAUT32.dll
0x00007ffb2aa50000 - 0x00007ffb2aa8b000 	C:\WINDOWS\SYSTEM32\dbgcore.DLL
0x00007ffb51800000 - 0x00007ffb518a8000 	C:\WINDOWS\System32\bcryptPrimitives.dll
0x00007ffb44990000 - 0x00007ffb449ae000 	C:\Program Files\Apache NetBeans\jdk\bin\java.dll
0x00007ffb52230000 - 0x00007ffb523c7000 	C:\WINDOWS\System32\ole32.dll
0x00007ffb53510000 - 0x00007ffb53c7e000 	C:\WINDOWS\System32\SHELL32.dll
0x00007ffb50920000 - 0x00007ffb5118c000 	C:\WINDOWS\System32\windows.storage.dll
0x00007ffb52a30000 - 0x00007ffb52b26000 	C:\WINDOWS\System32\SHCORE.dll
0x00007ffb521c0000 - 0x00007ffb52226000 	C:\WINDOWS\System32\shlwapi.dll
0x00007ffb506f0000 - 0x00007ffb50719000 	C:\WINDOWS\SYSTEM32\profapi.dll
0x00007ffb3eae0000 - 0x00007ffb3eaf1000 	C:\Program Files\Apache NetBeans\jdk\bin\net.dll
0x00007ffb4fad0000 - 0x00007ffb4fb3c000 	C:\WINDOWS\system32\mswsock.dll
0x00007ffb3eac0000 - 0x00007ffb3ead6000 	C:\Program Files\Apache NetBeans\jdk\bin\nio.dll
0x00007ffb3ec40000 - 0x00007ffb3ec57000 	C:\Program Files\Apache NetBeans\jdk\bin\zip.dll
0x00007ffb1f7d0000 - 0x00007ffb1f7f4000 	C:\Program Files\Apache NetBeans\java\maven\lib\jansi-native\Windows\x86_64\jansi.dll
0x00007ffb45650000 - 0x00007ffb45660000 	C:\Program Files\Apache NetBeans\jdk\bin\verify.dll

JVMTI agents: none

dbghelp: loaded successfully - version: 4.0.5 - missing functions: none
symbol engine: initialized successfully - sym options: 0x614 - pdb path: .;C:\Program Files\Apache NetBeans\jdk\bin;C:\WINDOWS\SYSTEM32;C:\WINDOWS\WinSxS\amd64_microsoft.windows.common-controls_6595b64144ccf1df_6.0.26100.8457_none_3e0b2faee331e92d;C:\Program Files\Apache NetBeans\jdk\bin\server;C:\Program Files\Apache NetBeans\java\maven\lib\jansi-native\Windows\x86_64

VM Arguments:
jvm_args: -Dclassworlds.conf=C:\Program Files\Apache NetBeans\java\maven\bin\m2.conf -Dmaven.home=C:\Program Files\Apache NetBeans\java\maven -Dlibrary.jansi.path=C:\Program Files\Apache NetBeans\java\maven\lib\jansi-native -Dmaven.multiModuleProjectDirectory=C:\Users\josea\sistemadebanquetes\SistemaBanquetesEventos 
java_command: org.codehaus.plexus.classworlds.launcher.Launcher -Dtest=EventoControllerTest#testGuardarEvento_InsertarCorrecto -Dmaven.ext.class.path=C:\Program Files\Apache NetBeans\java\maven-nblib\netbeans-eventspy.jar --no-transfer-progress process-test-classes surefire:test
java_class_path (initial): C:\Program Files\Apache NetBeans\java\maven\boot\plexus-classworlds-2.9.0.jar
Launcher Type: SUN_STANDARD

[Global flags]
     intx CICompilerCount                          = 4                                         {product} {ergonomic}
     uint ConcGCThreads                            = 2                                         {product} {ergonomic}
     uint G1ConcRefinementThreads                  = 8                                         {product} {ergonomic}
   size_t G1HeapRegionSize                         = 1048576                                   {product} {ergonomic}
   size_t InitialHeapSize                          = 96468992                                  {product} {ergonomic}
   size_t MarkStackSize                            = 4194304                                   {product} {ergonomic}
   size_t MarkStackSizeMax                         = 536870912                                 {product} {ergonomic}
   size_t MaxHeapSize                              = 1541406720                                {product} {ergonomic}
   size_t MaxNewSize                               = 924844032                                 {product} {ergonomic}
   size_t MinHeapDeltaBytes                        = 1048576                                   {product} {ergonomic}
   size_t MinHeapSize                              = 8388608                                   {product} {ergonomic}
    uintx NonNMethodCodeHeapSize                   = 5832704                                {pd product} {ergonomic}
    uintx NonProfiledCodeHeapSize                  = 122945536                              {pd product} {ergonomic}
    uintx ProfiledCodeHeapSize                     = 122880000                              {pd product} {ergonomic}
    uintx ReservedCodeCacheSize                    = 251658240                              {pd product} {ergonomic}
     bool SegmentedCodeCache                       = true                                      {product} {ergonomic}
   size_t SoftMaxHeapSize                          = 1541406720                             {manageable} {ergonomic}
     bool UseCompressedOops                        = true                           {product lp64_product} {ergonomic}
     bool UseG1GC                                  = true                                      {product} {ergonomic}
     bool UseLargePagesIndividualAllocation        = false                                  {pd product} {ergonomic}

Logging:
Log output configuration:
 #0: stdout all=warning uptime,level,tags foldmultilines=false
 #1: stderr all=off uptime,level,tags foldmultilines=false

Release file:
IMPLEMENTOR="Eclipse Adoptium" 
IMPLEMENTOR_VERSION="Temurin-25.0.2+10" 
JAVA_RUNTIME_VERSION="25.0.2+10-LTS" 
JAVA_VERSION="25.0.2" 
JAVA_VERSION_DATE="2026-01-20" 
LIBC="default" 
MODULES="java.base java.compiler java.datatransfer java.xml java.prefs java.desktop java.instrument java.logging java.management java.security.sasl java.naming java.rmi java.management.rmi java.net.http java.scripting java.security.jgss java.transaction.xa java.sql java.sql.rowset java.xml.crypto java.se java.smartcardio jdk.accessibility jdk.internal.jvmstat jdk.attach jdk.charsets jdk.internal.opt jdk.zipfs jdk.compiler jdk.crypto.cryptoki jdk.crypto.ec jdk.crypto.mscapi jdk.dynalink jdk.internal.ed jdk.editpad jdk.internal.vm.ci jdk.graal.compiler jdk.graal.compiler.management jdk.hotspot.agent jdk.httpserver jdk.incubator.vector jdk.internal.le jdk.internal.md jdk.jartool jdk.javadoc jdk.jcmd jdk.management jdk.management.agent jdk.jconsole jdk.jdeps jdk.jdwp.agent jdk.jdi jdk.jfr jdk.jlink jdk.jpackage jdk.jshell jdk.jsobject jdk.jstatd jdk.localedata jdk.management.jfr jdk.naming.dns jdk.naming.rmi jdk.net jdk.nio.mapmode jdk.sctp jdk.security.auth jdk.security.jgss jdk.unsupported jdk.unsupported.desktop jdk.xml.dom" 
OS_ARCH="x86_64" 
OS_NAME="Windows" 
SOURCE=".:git:9e3c947043a4" 
BUILD_SOURCE="git:458965074606f027bd5afce2cfd5c1055dea0438"
BUILD_SOURCE_REPO="https://github.com/adoptium/temurin-build.git"
SOURCE_REPO="https://github.com/adoptium/jdk25u.git"
FULL_VERSION="25.0.2+10-LTS"
SEMANTIC_VERSION="25.0.2+10"
BUILD_INFO="OS: Windows Server 2022 Version: 10.0"
JVM_VARIANT="Hotspot"
JVM_VERSION="25.0.2+10-LTS"
IMAGE_TYPE="JDK"

Environment Variables:
JAVA_HOME=C:\Program Files\Apache NetBeans\jdk
PATH=C:\Program Files\Microsoft MPI\Bin\;C:\Program Files\Eclipse Adoptium\jdk-8.0.472.8-hotspot\bin;C:\WINDOWS\system32;C:\WINDOWS;C:\WINDOWS\System32\Wbem;C:\WINDOWS\System32\WindowsPowerShell\v1.0\;C:\WINDOWS\System32\OpenSSH\;C:\Program Files\nodejs\;C:\Program Files\Eclipse Adoptium\jdk-8.0.472.8-hotspot\\bin;C:\Program Files\Git\cmd;C:\Program Files (x86)\Microsoft SQL Server\160\Tools\Binn\;C:\Program Files\Microsoft SQL Server\160\Tools\Binn\;C:\Program Files\Microsoft SQL Server\Client SDK\ODBC\170\Tools\Binn\;C:\Program Files\Microsoft SQL Server\160\DTS\Binn\;C:\Program Files (x86)\Microsoft SQL Server\160\DTS\Binn\;C:\Program Files\Microsoft SQL Server\150\Tools\Binn\;C:\Program Files\Microsoft SQL Server\170\Tools\Binn\;C:\Program Files\dotnet\;C:\Users\josea\AppData\Local\Microsoft\WindowsApps;C:\Users\josea\AppData\Roaming\npm;C:\Users\josea\AppData\Local\Programs\Microsoft VS Code\bin;C:\Users\josea\.dotnet\tools;C:\Users\josea\AppData\Local\GitHubDesktop\bin;C:\Program Files\Apache NetBeans\bin\
USERNAME=josea
OS=Windows_NT
PROCESSOR_IDENTIFIER=AMD64 Family 23 Model 160 Stepping 0, AuthenticAMD
TMP=C:\Users\josea\AppData\Local\Temp
TEMP=C:\Users\josea\AppData\Local\Temp




Compilation memory statistics disabled.

Periodic native trim disabled

---------------  S Y S T E M  ---------------

OS:
 Windows 11 , 64 bit Build 26100 (10.0.26100.8328)
OS uptime: 2 days 0:04 hours
Hyper-V role detected

CPU: total 8 (initial active 8) (8 cores per cpu, 2 threads per core) family 23 model 160 stepping 0 microcode 0x8a00006, cx8, cmov, fxsr, ht, mmx, 3dnowpref, sse, sse2, sse3, ssse3, sse4a, sse4.1, sse4.2, popcnt, lzcnt, tsc, tscinvbit, avx, avx2, aes, clmul, bmi1, bmi2, adx, sha, fma, vzeroupper, clflush, clflushopt, clwb, hv, rdtscp, rdpid, f16c
Processor Information for the first 8 processors :
  Max Mhz: 2401, Current Mhz: 2401, Mhz Limit: 2401

Memory: 4k page, system-wide physical 5877M (366M free)
TotalPageFile size 17877M (AvailPageFile size 4M)
current process WorkingSet (physical memory assigned to process): 85M, peak: 85M
current process commit charge ("private bytes"): 192M, peak: 194M

vm_info: OpenJDK 64-Bit Server VM (25.0.2+10-LTS) for windows-amd64 JRE (25.0.2+10-LTS), built on 2026-01-20T00:00:00Z with MS VC++ 17.12 (VS2022)

END.
