#
# There is insufficient memory for the Java Runtime Environment to continue.
# Native memory allocation (mmap) failed to map 96468992 bytes. Error detail: G1 virtual space
# Possible reasons:
#   The system is out of physical RAM or swap space
#   This process is running with CompressedOops enabled, and the Java Heap may be blocking the growth of the native heap
# Possible solutions:
#   Reduce memory load on the system
#   Increase physical memory or swap space
#   Check if swap backing store is full
#   Decrease Java heap size (-Xmx/-Xms)
#   Decrease number of Java threads
#   Decrease Java thread stack sizes (-Xss)
#   Set larger code cache with -XX:ReservedCodeCacheSize=
#   JVM is running with Unscaled Compressed Oops mode in which the Java heap is
#     placed in the first 4GB address space. The Java Heap base address is the
#     maximum limit for the native heap growth. Please use -XX:HeapBaseMinAddress
#     to set the Java Heap base and to place the Java Heap above 4GB virtual address.
# This output file may be truncated or incomplete.
#
#  Out of Memory Error (os_windows.cpp:3554), pid=14772, tid=5248
#
# JRE version:  (25.0.2+10) (build )
# Java VM: OpenJDK 64-Bit Server VM (25.0.2+10-LTS, mixed mode, sharing, tiered, compressed oops, compressed class ptrs, g1 gc, windows-amd64)
# No core dump will be written. Minidumps are not enabled by default on client versions of Windows
#

---------------  S U M M A R Y ------------

Command Line: -Dclassworlds.conf=C:\Program Files\Apache NetBeans\java\maven\bin\m2.conf -Dmaven.home=C:\Program Files\Apache NetBeans\java\maven -Dlibrary.jansi.path=C:\Program Files\Apache NetBeans\java\maven\lib\jansi-native -Dmaven.multiModuleProjectDirectory=C:\Users\josea\sistemadebanquetes\SistemaBanquetesEventos org.codehaus.plexus.classworlds.launcher.Launcher -Dtest=EventoControllerTest#testGuardarEvento_InsertarCorrecto -Dmaven.ext.class.path=C:\Program Files\Apache NetBeans\java\maven-nblib\netbeans-eventspy.jar --no-transfer-progress process-test-classes surefire:test

Host: AMD Ryzen 3 7320U with Radeon Graphics         , 8 cores, 5G,  Windows 11 , 64 bit Build 26100 (10.0.26100.8328)
Time: Sat May 16 14:14:57 2026 Hora est. Pacífico, Sudamérica elapsed time: 2.047509 seconds (0d 0h 0m 2s)

---------------  T H R E A D  ---------------

Current thread (0x000002e41ec42ef0):  JavaThread "Unknown thread" [_thread_in_vm, id=5248, stack(0x000000f685a00000,0x000000f685b00000) (1024K)]

Stack: [0x000000f685a00000,0x000000f685b00000]
Native frames: (J=compiled Java code, j=interpreted, Vv=VM code, C=native code)
V  [jvm.dll+0x7a8bc9]  (no source info available)
V  [jvm.dll+0x77310d]  (no source info available)
V  [jvm.dll+0x9f55f3]  (no source info available)
V  [jvm.dll+0x9f7be1]  (no source info available)
V  [jvm.dll+0x9f82f3]  (no source info available)
V  [jvm.dll+0x2fce26]  (no source info available)
V  [jvm.dll+0x7a4df5]  (no source info available)
V  [jvm.dll+0x798257]  (no source info available)
V  [jvm.dll+0x3f5248]  (no source info available)
V  [jvm.dll+0x3fd1b6]  (no source info available)
V  [jvm.dll+0x3e991e]  (no source info available)
V  [jvm.dll+0x3e9bd8]  (no source info available)
V  [jvm.dll+0x3c0c05]  (no source info available)
V  [jvm.dll+0x3c188e]  (no source info available)
V  [jvm.dll+0x9bc474]  (no source info available)
V  [jvm.dll+0x459e72]  (no source info available)
V  [jvm.dll+0x9a02a2]  (no source info available)
V  [jvm.dll+0x4fa5c1]  (no source info available)
V  [jvm.dll+0x4fbeb1]  (no source info available)
C  [jli.dll+0x53fa]  (no source info available)
C  [ucrtbase.dll+0x37b0]  (no source info available)
C  [KERNEL32.DLL+0x2e957]  (no source info available)
C  [ntdll.dll+0x427c]  (no source info available)

Lock stack of current Java thread (top to bottom):


---------------  P R O C E S S  ---------------

Threads class SMR info:
_java_thread_list=0x00007ffaee2fe008, length=0, elements={
}

Java Threads: ( => current thread )
Total: 0

Other Threads:
  0x000002e4210c9210 WorkerThread "GC Thread#0"                     [id=16884, stack(0x000000f685b00000,0x000000f685c00000) (1024K)]
  0x000002e4210db680 ConcurrentGCThread "G1 Main Marker"            [id=13328, stack(0x000000f685c00000,0x000000f685d00000) (1024K)]
  0x000002e4210dd230 WorkerThread "G1 Conc#0"                       [id=23072, stack(0x000000f685d00000,0x000000f685e00000) (1024K)]

[error occurred during error reporting (printing all threads), id 0xc0000005, EXCEPTION_ACCESS_VIOLATION (0xc0000005) at pc=0x00007ffaed92591a]
VM state: not at safepoint (not fully initialized)

VM Mutex/Monitor currently owned by a thread:  ([mutex/lock_event])
[0x00007ffaee386548] Heap_lock - owner thread: 0x000002e41ec42ef0

Heap address: 0x00000000a4200000, size: 1470 MB, Compressed Oops mode: 32-bit

CDS archive(s) mapped at: [0x0000000000000000-0x0000000000000000-0x0000000000000000), size 0, SharedBaseAddress: 0x0000000800000000, ArchiveRelocationMode: 1.
UseCompressedClassPointers 1, UseCompactObjectHeaders 0
Narrow klass pointer bits 32, Max shift 3
Narrow klass base: 0xffffffffffffffff, Narrow klass shift: -1
Encoding Range: [0xffffffffffffffff - 0x000000007fffffff), (2147483648 bytes)
Klass Range:    [0x0000000000000000 - 0x0000000000000000), (0 bytes)
Klass ID Range:  [4294967295 - 0) (1)
No protection zone.

GC Precious Log:
 CardTable entry size: 512
 Card Set container configuration: InlinePtr #cards 5 size 8 Array Of Cards #cards 10 size 36 Howl #buckets 4 coarsen threshold 1843 Howl Bitmap #cards 512 size 80 coarsen threshold 460 Card regions per heap region 1 cards per card region 2048

Heap:
 garbage-first heap   total reserved 1505280K, committed 0K, used 0K [0x00000000a4200000, 0x0000000100000000)
  region size 1024K, 0 young (0K), 0 survivors (0K)

Heap Regions: E=young(eden), S=young(survivor), O=old, HS=humongous(starts), HC=humongous(continues), CS=collection set, F=free, TAMS=top-at-mark-start, PB=parsable bottom

Card table byte_map: [0x000002e439180000,0x000002e439460000] _byte_map_base: 0x000002e438c5f000

Marking Bits: (CMBitMap*) 0x000002e4210c99a0
 Bits: [0x000002e439460000, 0x000002e43ab58000)

GC Heap Usage History (0 events):
No events

Metaspace Usage History (0 events):
No events

Dll operation events (1 events):
Event: 0.026 Loaded shared library C:\Program Files\Apache NetBeans\jdk\bin\java.dll

Deoptimization events (0 events):
No events

Classes loaded (0 events):
No events

Classes unloaded (0 events):
No events

Classes redefined (0 events):
No events

Internal exceptions (0 events):
No events

VM Operations (0 events):
No events

Memory protections (0 events):
No events

Nmethod flushes (0 events):
No events

Events (0 events):
No events


Dynamic libraries:
0x00007ff6e1680000 - 0x00007ff6e168e000 	C:\Program Files\Apache NetBeans\jdk\bin\java.exe
0x00007ffb53da0000 - 0x00007ffb54007000 	C:\WINDOWS\SYSTEM32\ntdll.dll
0x00007ffb52030000 - 0x00007ffb520f9000 	C:\WINDOWS\System32\KERNEL32.DLL
0x00007ffb51250000 - 0x00007ffb51647000 	C:\WINDOWS\System32\KERNELBASE.dll
0x00007ffb507d0000 - 0x00007ffb5091b000 	C:\WINDOWS\System32\ucrtbase.dll
0x00007ffb40fa0000 - 0x00007ffb40fb6000 	C:\Program Files\Apache NetBeans\jdk\bin\jli.dll
0x00007ffb44cc0000 - 0x00007ffb44cde000 	C:\Program Files\Apache NetBeans\jdk\bin\VCRUNTIME140.dll
0x00007ffb51de0000 - 0x00007ffb51fa6000 	C:\WINDOWS\System32\USER32.dll
0x00007ffb3a3b0000 - 0x00007ffb3a642000 	C:\WINDOWS\WinSxS\amd64_microsoft.windows.common-controls_6595b64144ccf1df_6.0.26100.8457_none_3e0b2faee331e92d\COMCTL32.dll
0x00007ffb51650000 - 0x00007ffb51677000 	C:\WINDOWS\System32\win32u.dll
0x00007ffb51b20000 - 0x00007ffb51bc9000 	C:\WINDOWS\System32\msvcrt.dll
0x00007ffb52100000 - 0x00007ffb5212b000 	C:\WINDOWS\System32\GDI32.dll
0x00007ffb51940000 - 0x00007ffb51a6c000 	C:\WINDOWS\System32\gdi32full.dll
0x00007ffb51a70000 - 0x00007ffb51b13000 	C:\WINDOWS\System32\msvcp_win.dll
0x00007ffb53300000 - 0x00007ffb53332000 	C:\WINDOWS\System32\IMM32.DLL
0x00007ffb4bb10000 - 0x00007ffb4bb1c000 	C:\Program Files\Apache NetBeans\jdk\bin\vcruntime140_1.dll
0x00007ffb275d0000 - 0x00007ffb2765d000 	C:\Program Files\Apache NetBeans\jdk\bin\msvcp140.dll
0x00007ffaed550000 - 0x00007ffaee476000 	C:\Program Files\Apache NetBeans\jdk\bin\server\jvm.dll
0x00007ffb53c90000 - 0x00007ffb53d46000 	C:\WINDOWS\System32\ADVAPI32.dll
0x00007ffb51bd0000 - 0x00007ffb51c77000 	C:\WINDOWS\System32\sechost.dll
0x00007ffb523f0000 - 0x00007ffb52508000 	C:\WINDOWS\System32\RPCRT4.dll
0x00007ffb52590000 - 0x00007ffb52610000 	C:\WINDOWS\System32\WS2_32.dll
0x00007ffb50630000 - 0x00007ffb5068e000 	C:\WINDOWS\SYSTEM32\POWRPROF.dll
0x00007ffb46750000 - 0x00007ffb4675b000 	C:\WINDOWS\SYSTEM32\VERSION.dll
0x00007ffb46ee0000 - 0x00007ffb46f16000 	C:\WINDOWS\SYSTEM32\WINMM.dll
0x00007ffb50610000 - 0x00007ffb50624000 	C:\WINDOWS\SYSTEM32\UMPDC.dll
0x00007ffb4f4c0000 - 0x00007ffb4f4db000 	C:\WINDOWS\SYSTEM32\kernel.appcore.dll
0x00007ffb4ba30000 - 0x00007ffb4ba3a000 	C:\Program Files\Apache NetBeans\jdk\bin\jimage.dll
0x00007ffb4e730000 - 0x00007ffb4e972000 	C:\WINDOWS\SYSTEM32\DBGHELP.DLL
0x00007ffb52670000 - 0x00007ffb529f3000 	C:\WINDOWS\System32\combase.dll
0x00007ffb52d10000 - 0x00007ffb52de9000 	C:\WINDOWS\System32\OLEAUT32.dll
0x00007ffb2aa50000 - 0x00007ffb2aa8b000 	C:\WINDOWS\SYSTEM32\dbgcore.DLL
0x00007ffb51800000 - 0x00007ffb518a8000 	C:\WINDOWS\System32\bcryptPrimitives.dll
0x00007ffb44990000 - 0x00007ffb449ae000 	C:\Program Files\Apache NetBeans\jdk\bin\java.dll
0x00007ffb52230000 - 0x00007ffb523c7000 	C:\WINDOWS\System32\ole32.dll
0x00007ffb53510000 - 0x00007ffb53c7e000 	C:\WINDOWS\System32\SHELL32.dll

JVMTI agents: none

dbghelp: loaded successfully - version: 4.0.5 - missing functions: none
symbol engine: initialized successfully - sym options: 0x614 - pdb path: .;C:\Program Files\Apache NetBeans\jdk\bin;C:\WINDOWS\SYSTEM32;C:\WINDOWS\WinSxS\amd64_microsoft.windows.common-controls_6595b64144ccf1df_6.0.26100.8457_none_3e0b2faee331e92d;C:\Program Files\Apache NetBeans\jdk\bin\server

VM Arguments:
jvm_args: -Dclassworlds.conf=C:\Program Files\Apache NetBeans\java\maven\bin\m2.conf -Dmaven.home=C:\Program Files\Apache NetBeans\java\maven -Dlibrary.jansi.path=C:\Program Files\Apache NetBeans\java\maven\lib\jansi-native -Dmaven.multiModuleProjectDirectory=C:\Users\josea\sistemadebanquetes\SistemaBanquetesEventos 
java_command: org.codehaus.plexus.classworlds.launcher.Launcher -Dtest=EventoControllerTest#testGuardarEvento_InsertarCorrecto -Dmaven.ext.class.path=C:\Program Files\Apache NetBeans\java\maven-nblib\netbeans-eventspy.jar --no-transfer-progress process-test-classes surefire:test
java_class_path (initial): C:\Program Files\Apache NetBeans\java\maven\boot\plexus-classworlds-2.9.0.jar
Launcher Type: SUN_STANDARD

[Global flags]
     intx CICompilerCount                          = 4                                         {product} {ergonomic}
     uint ConcGCThreads                            = 2                                         {product} {ergonomic}
     uint G1ConcRefinementThreads                  = 8                                         {product} {ergonomic}
   size_t G1HeapRegionSize                         = 1048576                                   {product} {ergonomic}
   size_t InitialHeapSize                          = 96468992                                  {product} {ergonomic}
   size_t MarkStackSize                            = 4194304                                   {product} {ergonomic}
   size_t MarkStackSizeMax                         = 536870912                                 {product} {ergonomic}
   size_t MaxHeapSize                              = 1541406720                                {product} {ergonomic}
   size_t MinHeapDeltaBytes                        = 1048576                                   {product} {ergonomic}
   size_t MinHeapSize                              = 8388608                                   {product} {ergonomic}
    uintx NonNMethodCodeHeapSize                   = 5832704                                {pd product} {ergonomic}
    uintx NonProfiledCodeHeapSize                  = 122945536                              {pd product} {ergonomic}
    uintx ProfiledCodeHeapSize                     = 122880000                              {pd product} {ergonomic}
    uintx ReservedCodeCacheSize                    = 251658240                              {pd product} {ergonomic}
     bool SegmentedCodeCache                       = true                                      {product} {ergonomic}
   size_t SoftMaxHeapSize                          = 1541406720                             {manageable} {ergonomic}
     bool UseCompressedOops                        = true                           {product lp64_product} {ergonomic}
     bool UseG1GC                                  = true                                      {product} {ergonomic}
     bool UseLargePagesIndividualAllocation        = false                                  {pd product} {ergonomic}

Logging:
Log output configuration:
 #0: stdout all=warning uptime,level,tags foldmultilines=false
 #1: stderr all=off uptime,level,tags foldmultilines=false

Release file:
<release file has not been read>
Environment Variables:
JAVA_HOME=C:\Program Files\Apache NetBeans\jdk
PATH=C:\Program Files\Microsoft MPI\Bin\;C:\Program Files\Eclipse Adoptium\jdk-8.0.472.8-hotspot\bin;C:\WINDOWS\system32;C:\WINDOWS;C:\WINDOWS\System32\Wbem;C:\WINDOWS\System32\WindowsPowerShell\v1.0\;C:\WINDOWS\System32\OpenSSH\;C:\Program Files\nodejs\;C:\Program Files\Eclipse Adoptium\jdk-8.0.472.8-hotspot\\bin;C:\Program Files\Git\cmd;C:\Program Files (x86)\Microsoft SQL Server\160\Tools\Binn\;C:\Program Files\Microsoft SQL Server\160\Tools\Binn\;C:\Program Files\Microsoft SQL Server\Client SDK\ODBC\170\Tools\Binn\;C:\Program Files\Microsoft SQL Server\160\DTS\Binn\;C:\Program Files (x86)\Microsoft SQL Server\160\DTS\Binn\;C:\Program Files\Microsoft SQL Server\150\Tools\Binn\;C:\Program Files\Microsoft SQL Server\170\Tools\Binn\;C:\Program Files\dotnet\;C:\Users\josea\AppData\Local\Microsoft\WindowsApps;C:\Users\josea\AppData\Roaming\npm;C:\Users\josea\AppData\Local\Programs\Microsoft VS Code\bin;C:\Users\josea\.dotnet\tools;C:\Users\josea\AppData\Local\GitHubDesktop\bin;C:\Program Files\Apache NetBeans\bin\
USERNAME=josea
OS=Windows_NT
PROCESSOR_IDENTIFIER=AMD64 Family 23 Model 160 Stepping 0, AuthenticAMD
TMP=C:\Users\josea\AppData\Local\Temp
TEMP=C:\Users\josea\AppData\Local\Temp




Compilation memory statistics disabled.

Periodic native trim disabled

---------------  S Y S T E M  ---------------

OS:
 Windows 11 , 64 bit Build 26100 (10.0.26100.8328)
OS uptime: 2 days 0:03 hours
Hyper-V role detected

CPU: total 8 (initial active 8) (8 cores per cpu, 2 threads per core) family 23 model 160 stepping 0 microcode 0x8a00006, cx8, cmov, fxsr, ht, mmx, 3dnowpref, sse, sse2, sse3, ssse3, sse4a, sse4.1, sse4.2, popcnt, lzcnt, tsc, tscinvbit, avx, avx2, aes, clmul, bmi1, bmi2, adx, sha, fma, vzeroupper, clflush, clflushopt, clwb, hv, rdtscp, rdpid, f16c
Processor Information for the first 8 processors :
  Max Mhz: 2401, Current Mhz: 2401, Mhz Limit: 2401

Memory: 4k page, system-wide physical 5877M (351M free)
TotalPageFile size 17877M (AvailPageFile size 35M)
current process WorkingSet (physical memory assigned to process): 14M, peak: 14M
current process commit charge ("private bytes"): 60M, peak: 152M

vm_info: OpenJDK 64-Bit Server VM (25.0.2+10-LTS) for windows-amd64 JRE (25.0.2+10-LTS), built on 2026-01-20T00:00:00Z with MS VC++ 17.12 (VS2022)

END.
